#
# There is insufficient memory for the Java Runtime Environment to continue.
# Native memory allocation (mmap) failed to map 246415360 bytes. Error detail: G1 virtual space
# Possible reasons:
#   The system is out of physical RAM or swap space
#   This process is running with CompressedOops enabled, and the Java Heap may be blocking the growth of the native heap
# Possible solutions:
#   Reduce memory load on the system
#   Increase physical memory or swap space
#   Check if swap backing store is full
#   Decrease Java heap size (-Xmx/-Xms)
#   Decrease number of Java threads
#   Decrease Java thread stack sizes (-Xss)
#   Set larger code cache with -XX:ReservedCodeCacheSize=
#   JVM is running with Unscaled Compressed Oops mode in which the Java heap is
#     placed in the first 4GB address space. The Java Heap base address is the
#     maximum limit for the native heap growth. Please use -XX:HeapBaseMinAddress
#     to set the Java Heap base and to place the Java Heap above 4GB virtual address.
# This output file may be truncated or incomplete.
#
#  Out of Memory Error (os_windows.cpp:3713), pid=19716, tid=18204
#
# JRE version: OpenJDK Runtime Environment Temurin-21.0.8+9 (21.0.8+9) (build 21.0.8+9-LTS)
# Java VM: OpenJDK 64-Bit Server VM Temurin-21.0.8+9 (21.0.8+9-LTS, mixed mode, sharing, tiered, compressed oops, compressed class ptrs, g1 gc, windows-amd64)
# No core dump will be written. Minidumps are not enabled by default on client versions of Windows
#

---------------  S U M M A R Y ------------

Command Line: -XX:+ShowCodeDetailsInExceptionMessages com.univ.studentservice.StudentServiceApplication

Host: AMD Ryzen 5 3500U with Radeon Vega Mobile Gfx  , 8 cores, 5G,  Windows 11 , 64 bit Build 26100 (10.0.26100.6725)
Time: Wed Nov 12 10:36:21 2025 W. Central Africa Standard Time elapsed time: 17.548420 seconds (0d 0h 0m 17s)

---------------  T H R E A D  ---------------

Current thread (0x00000204a2536a40):  VMThread "VM Thread"          [id=18204, stack(0x0000002d4ce00000,0x0000002d4cf00000) (1024K)]

Stack: [0x0000002d4ce00000,0x0000002d4cf00000]
Native frames: (J=compiled Java code, j=interpreted, Vv=VM code, C=native code)
V  [jvm.dll+0x6d2449]
V  [jvm.dll+0x8ae341]
V  [jvm.dll+0x8b08be]
V  [jvm.dll+0x8b0fa3]
V  [jvm.dll+0x280c96]
V  [jvm.dll+0x6cec15]
V  [jvm.dll+0x6c2c3a]
V  [jvm.dll+0x35867a]
V  [jvm.dll+0x360246]
V  [jvm.dll+0x3b1f9e]
V  [jvm.dll+0x3b2248]
V  [jvm.dll+0x32c8fc]
V  [jvm.dll+0x32c987]
V  [jvm.dll+0x3706fc]
V  [jvm.dll+0x36ef48]
V  [jvm.dll+0x32c0c1]
V  [jvm.dll+0x36e5ba]
V  [jvm.dll+0x8b6cbf]
V  [jvm.dll+0x8b8044]
V  [jvm.dll+0x8b8580]
V  [jvm.dll+0x8b8823]
V  [jvm.dll+0x857e6b]
V  [jvm.dll+0x6d0b0d]
C  [ucrtbase.dll+0x37b0]
C  [KERNEL32.DLL+0x2e8d7]
C  [ntdll.dll+0x8c53c]

VM_Operation (0x0000002d4c7f9100): G1CollectForAllocation, mode: safepoint, requested by thread 0x000002048be71470


---------------  P R O C E S S  ---------------

Threads class SMR info:
_java_thread_list=0x00000204eb286650, length=17, elements={
0x000002048be71470, 0x00000204a2552b30, 0x00000204a2553580, 0x00000204a25546f0,
0x00000204a25573d0, 0x00000204a2559e30, 0x00000204a255cad0, 0x00000204a2ae01c0,
0x00000204a256c480, 0x00000204a2c1b920, 0x00000204a2c43f90, 0x00000204eaf8c160,
0x00000204e84dbeb0, 0x00000204e990d470, 0x00000204e9494850, 0x00000204e9fe5250,
0x00000204a256cb50
}

Java Threads: ( => current thread )
  0x000002048be71470 JavaThread "main"                              [_thread_blocked, id=6784, stack(0x0000002d4c700000,0x0000002d4c800000) (1024K)]
  0x00000204a2552b30 JavaThread "Reference Handler"          daemon [_thread_blocked, id=14200, stack(0x0000002d4cf00000,0x0000002d4d000000) (1024K)]
  0x00000204a2553580 JavaThread "Finalizer"                  daemon [_thread_blocked, id=19392, stack(0x0000002d4d000000,0x0000002d4d100000) (1024K)]
  0x00000204a25546f0 JavaThread "Signal Dispatcher"          daemon [_thread_blocked, id=22420, stack(0x0000002d4d100000,0x0000002d4d200000) (1024K)]
  0x00000204a25573d0 JavaThread "Attach Listener"            daemon [_thread_blocked, id=22868, stack(0x0000002d4d200000,0x0000002d4d300000) (1024K)]
  0x00000204a2559e30 JavaThread "Service Thread"             daemon [_thread_blocked, id=12260, stack(0x0000002d4d300000,0x0000002d4d400000) (1024K)]
  0x00000204a255cad0 JavaThread "Monitor Deflation Thread"   daemon [_thread_blocked, id=4496, stack(0x0000002d4d400000,0x0000002d4d500000) (1024K)]
  0x00000204a2ae01c0 JavaThread "C2 CompilerThread0"         daemon [_thread_blocked, id=19700, stack(0x0000002d4d500000,0x0000002d4d600000) (1024K)]
  0x00000204a256c480 JavaThread "C1 CompilerThread0"         daemon [_thread_blocked, id=8568, stack(0x0000002d4d600000,0x0000002d4d700000) (1024K)]
  0x00000204a2c1b920 JavaThread "Notification Thread"        daemon [_thread_blocked, id=12604, stack(0x0000002d4d700000,0x0000002d4d800000) (1024K)]
  0x00000204a2c43f90 JavaThread "Common-Cleaner"             daemon [_thread_blocked, id=9480, stack(0x0000002d4d800000,0x0000002d4d900000) (1024K)]
  0x00000204eaf8c160 JavaThread "Catalina-utility-1"                [_thread_blocked, id=12756, stack(0x0000002d4df00000,0x0000002d4e000000) (1024K)]
  0x00000204e84dbeb0 JavaThread "Catalina-utility-2"                [_thread_blocked, id=23296, stack(0x0000002d4e300000,0x0000002d4e400000) (1024K)]
  0x00000204e990d470 JavaThread "container-0"                       [_thread_blocked, id=20236, stack(0x0000002d4e400000,0x0000002d4e500000) (1024K)]
  0x00000204e9494850 JavaThread "PostgreSQL-JDBC-Cleaner"    daemon [_thread_blocked, id=16364, stack(0x0000002d4e600000,0x0000002d4e700000) (1024K)]
  0x00000204e9fe5250 JavaThread "HikariPool-1:housekeeper"   daemon [_thread_blocked, id=18900, stack(0x0000002d4e700000,0x0000002d4e800000) (1024K)]
  0x00000204a256cb50 JavaThread "C2 CompilerThread1"         daemon [_thread_blocked, id=22576, stack(0x0000002d4d900000,0x0000002d4da00000) (1024K)]
Total: 17

Other Threads:
=>0x00000204a2536a40 VMThread "VM Thread"                           [id=18204, stack(0x0000002d4ce00000,0x0000002d4cf00000) (1024K)]
  0x00000204a2523d30 WatcherThread "VM Periodic Task Thread"        [id=24004, stack(0x0000002d4cd00000,0x0000002d4ce00000) (1024K)]
  0x000002048bebcb50 WorkerThread "GC Thread#0"                     [id=3144, stack(0x0000002d4c800000,0x0000002d4c900000) (1024K)]
  0x00000204e8532fb0 WorkerThread "GC Thread#1"                     [id=17056, stack(0x0000002d4da00000,0x0000002d4db00000) (1024K)]
  0x00000204e89aed60 WorkerThread "GC Thread#2"                     [id=2996, stack(0x0000002d4db00000,0x0000002d4dc00000) (1024K)]
  0x00000204e89af100 WorkerThread "GC Thread#3"                     [id=12660, stack(0x0000002d4dc00000,0x0000002d4dd00000) (1024K)]
  0x00000204e89af4a0 WorkerThread "GC Thread#4"                     [id=19612, stack(0x0000002d4dd00000,0x0000002d4de00000) (1024K)]
  0x00000204e89af840 WorkerThread "GC Thread#5"                     [id=8572, stack(0x0000002d4de00000,0x0000002d4df00000) (1024K)]
  0x00000204e8b93450 WorkerThread "GC Thread#6"                     [id=5604, stack(0x0000002d4e000000,0x0000002d4e100000) (1024K)]
  0x00000204e8b93b90 WorkerThread "GC Thread#7"                     [id=11352, stack(0x0000002d4e100000,0x0000002d4e200000) (1024K)]
  0x000002048bee80e0 ConcurrentGCThread "G1 Main Marker"            [id=15004, stack(0x0000002d4c900000,0x0000002d4ca00000) (1024K)]
  0x000002048beea040 WorkerThread "G1 Conc#0"                       [id=11988, stack(0x0000002d4ca00000,0x0000002d4cb00000) (1024K)]
  0x00000204e8b94a10 WorkerThread "G1 Conc#1"                       [id=1964, stack(0x0000002d4e200000,0x0000002d4e300000) (1024K)]
  0x00000204a23f4060 ConcurrentGCThread "G1 Refine#0"               [id=11464, stack(0x0000002d4cb00000,0x0000002d4cc00000) (1024K)]
  0x00000204a23f4880 ConcurrentGCThread "G1 Service"                [id=5836, stack(0x0000002d4cc00000,0x0000002d4cd00000) (1024K)]
Total: 15

Threads with active compile tasks:
Total: 0

VM state: at safepoint (normal execution)

VM Mutex/Monitor currently owned by a thread:  ([mutex/lock_event])
[0x00007ffcc6095458] Threads_lock - owner thread: 0x00000204a2536a40
[0x00007ffcc6095558] Heap_lock - owner thread: 0x000002048be71470

Heap address: 0x00000000a4a00000, size: 1462 MB, Compressed Oops mode: 32-bit

CDS archive(s) mapped at: [0x00000204a3000000-0x00000204a3ba0000-0x00000204a3ba0000), size 12189696, SharedBaseAddress: 0x00000204a3000000, ArchiveRelocationMode: 1.
Compressed class space mapped at: 0x00000204a4000000-0x00000204e4000000, reserved size: 1073741824
Narrow klass base: 0x00000204a3000000, Narrow klass shift: 0, Narrow klass range: 0x100000000

GC Precious Log:
 CardTable entry size: 512
 Card Set container configuration: InlinePtr #cards 5 size 8 Array Of Cards #cards 12 size 40 Howl #buckets 4 coarsen threshold 1843 Howl Bitmap #cards 512 size 80 coarsen threshold 460 Card regions per heap region 1 cards per card region 2048
 CPUs: 8 total, 8 available
 Memory: 5845M
 Large Page Support: Disabled
 NUMA Support: Disabled
 Compressed Oops: Enabled (32-bit)
 Heap Region Size: 1M
 Heap Min Capacity: 8M
 Heap Initial Capacity: 92M
 Heap Max Capacity: 1462M
 Pre-touch: Disabled
 Parallel Workers: 8
 Concurrent Workers: 2
 Concurrent Refinement Workers: 8
 Periodic GC: Disabled

Heap:
 garbage-first heap   total 187392K, used 144101K [0x00000000a4a00000, 0x0000000100000000)
  region size 1024K, 5 young (5120K), 5 survivors (5120K)
 Metaspace       used 66400K, committed 67136K, reserved 1114112K
  class space    used 9523K, committed 9856K, reserved 1048576K

Heap Regions: E=young(eden), S=young(survivor), O=old, HS=humongous(starts), HC=humongous(continues), CS=collection set, F=free, TAMS=top-at-mark-start, PB=parsable bottom
|   0|0x00000000a4a00000, 0x00000000a4b00000, 0x00000000a4b00000|100%|HS|  |TAMS 0x00000000a4b00000| PB 0x00000000a4a00000| Complete 
|   1|0x00000000a4b00000, 0x00000000a4c00000, 0x00000000a4c00000|100%|HS|  |TAMS 0x00000000a4c00000| PB 0x00000000a4b00000| Complete 
|   2|0x00000000a4c00000, 0x00000000a4d00000, 0x00000000a4d00000|100%| O|  |TAMS 0x00000000a4d00000| PB 0x00000000a4c00000| Untracked 
|   3|0x00000000a4d00000, 0x00000000a4e00000, 0x00000000a4e00000|100%| O|  |TAMS 0x00000000a4e00000| PB 0x00000000a4d00000| Untracked 
|   4|0x00000000a4e00000, 0x00000000a4f00000, 0x00000000a4f00000|100%| O|  |TAMS 0x00000000a4f00000| PB 0x00000000a4e00000| Untracked 
|   5|0x00000000a4f00000, 0x00000000a5000000, 0x00000000a5000000|100%| O|  |TAMS 0x00000000a5000000| PB 0x00000000a4f00000| Untracked 
|   6|0x00000000a5000000, 0x00000000a5100000, 0x00000000a5100000|100%| O|  |TAMS 0x00000000a5100000| PB 0x00000000a5000000| Untracked 
|   7|0x00000000a5100000, 0x00000000a5200000, 0x00000000a5200000|100%| O|  |TAMS 0x00000000a5200000| PB 0x00000000a5100000| Untracked 
|   8|0x00000000a5200000, 0x00000000a5300000, 0x00000000a5300000|100%| O|  |TAMS 0x00000000a5300000| PB 0x00000000a5200000| Untracked 
|   9|0x00000000a5300000, 0x00000000a5400000, 0x00000000a5400000|100%| O|  |TAMS 0x00000000a5400000| PB 0x00000000a5300000| Untracked 
|  10|0x00000000a5400000, 0x00000000a5500000, 0x00000000a5500000|100%| O|  |TAMS 0x00000000a5500000| PB 0x00000000a5400000| Untracked 
|  11|0x00000000a5500000, 0x00000000a5600000, 0x00000000a5600000|100%| O|  |TAMS 0x00000000a5600000| PB 0x00000000a5500000| Untracked 
|  12|0x00000000a5600000, 0x00000000a5700000, 0x00000000a5700000|100%| O|  |TAMS 0x00000000a5700000| PB 0x00000000a5600000| Untracked 
|  13|0x00000000a5700000, 0x00000000a5800000, 0x00000000a5800000|100%| O|  |TAMS 0x00000000a5800000| PB 0x00000000a5700000| Untracked 
|  14|0x00000000a5800000, 0x00000000a5900000, 0x00000000a5900000|100%| O|  |TAMS 0x00000000a5900000| PB 0x00000000a5800000| Untracked 
|  15|0x00000000a5900000, 0x00000000a5a00000, 0x00000000a5a00000|100%| O|  |TAMS 0x00000000a5a00000| PB 0x00000000a5900000| Untracked 
|  16|0x00000000a5a00000, 0x00000000a5b00000, 0x00000000a5b00000|100%| O|  |TAMS 0x00000000a5b00000| PB 0x00000000a5a00000| Untracked 
|  17|0x00000000a5b00000, 0x00000000a5c00000, 0x00000000a5c00000|100%| O|  |TAMS 0x00000000a5c00000| PB 0x00000000a5b00000| Untracked 
|  18|0x00000000a5c00000, 0x00000000a5d00000, 0x00000000a5d00000|100%| O|  |TAMS 0x00000000a5d00000| PB 0x00000000a5c00000| Untracked 
|  19|0x00000000a5d00000, 0x00000000a5e00000, 0x00000000a5e00000|100%| O|  |TAMS 0x00000000a5e00000| PB 0x00000000a5d00000| Untracked 
|  20|0x00000000a5e00000, 0x00000000a5f00000, 0x00000000a5f00000|100%| O|  |TAMS 0x00000000a5f00000| PB 0x00000000a5e00000| Untracked 
|  21|0x00000000a5f00000, 0x00000000a6000000, 0x00000000a6000000|100%| O|  |TAMS 0x00000000a6000000| PB 0x00000000a5f00000| Untracked 
|  22|0x00000000a6000000, 0x00000000a6100000, 0x00000000a6100000|100%| O|  |TAMS 0x00000000a6100000| PB 0x00000000a6000000| Untracked 
|  23|0x00000000a6100000, 0x00000000a6200000, 0x00000000a6200000|100%| O|  |TAMS 0x00000000a6200000| PB 0x00000000a6100000| Untracked 
|  24|0x00000000a6200000, 0x00000000a6300000, 0x00000000a6300000|100%| O|  |TAMS 0x00000000a6300000| PB 0x00000000a6200000| Untracked 
|  25|0x00000000a6300000, 0x00000000a6400000, 0x00000000a6400000|100%| O|  |TAMS 0x00000000a6400000| PB 0x00000000a6300000| Untracked 
|  26|0x00000000a6400000, 0x00000000a6500000, 0x00000000a6500000|100%| O|  |TAMS 0x00000000a6500000| PB 0x00000000a6400000| Untracked 
|  27|0x00000000a6500000, 0x00000000a6600000, 0x00000000a6600000|100%| O|  |TAMS 0x00000000a6600000| PB 0x00000000a6500000| Untracked 
|  28|0x00000000a6600000, 0x00000000a6700000, 0x00000000a6700000|100%| O|  |TAMS 0x00000000a6700000| PB 0x00000000a6600000| Untracked 
|  29|0x00000000a6700000, 0x00000000a6800000, 0x00000000a6800000|100%| O|  |TAMS 0x00000000a6800000| PB 0x00000000a6700000| Untracked 
|  30|0x00000000a6800000, 0x00000000a6900000, 0x00000000a6900000|100%| O|  |TAMS 0x00000000a6900000| PB 0x00000000a6800000| Untracked 
|  31|0x00000000a6900000, 0x00000000a6a00000, 0x00000000a6a00000|100%| O|  |TAMS 0x00000000a6a00000| PB 0x00000000a6900000| Untracked 
|  32|0x00000000a6a00000, 0x00000000a6b00000, 0x00000000a6b00000|100%| O|  |TAMS 0x00000000a6b00000| PB 0x00000000a6a00000| Untracked 
|  33|0x00000000a6b00000, 0x00000000a6c00000, 0x00000000a6c00000|100%| O|  |TAMS 0x00000000a6c00000| PB 0x00000000a6b00000| Untracked 
|  34|0x00000000a6c00000, 0x00000000a6d00000, 0x00000000a6d00000|100%|HS|  |TAMS 0x00000000a6d00000| PB 0x00000000a6c00000| Complete 
|  35|0x00000000a6d00000, 0x00000000a6e00000, 0x00000000a6e00000|100%| O|  |TAMS 0x00000000a6e00000| PB 0x00000000a6d00000| Untracked 
|  36|0x00000000a6e00000, 0x00000000a6f00000, 0x00000000a6f00000|100%| O|  |TAMS 0x00000000a6f00000| PB 0x00000000a6e00000| Untracked 
|  37|0x00000000a6f00000, 0x00000000a7000000, 0x00000000a7000000|100%| O|  |TAMS 0x00000000a7000000| PB 0x00000000a6f00000| Untracked 
|  38|0x00000000a7000000, 0x00000000a7100000, 0x00000000a7100000|100%| O|  |TAMS 0x00000000a7100000| PB 0x00000000a7000000| Untracked 
|  39|0x00000000a7100000, 0x00000000a7200000, 0x00000000a7200000|100%| O|  |TAMS 0x00000000a7200000| PB 0x00000000a7100000| Untracked 
|  40|0x00000000a7200000, 0x00000000a7300000, 0x00000000a7300000|100%| O|  |TAMS 0x00000000a7300000| PB 0x00000000a7200000| Untracked 
|  41|0x00000000a7300000, 0x00000000a7400000, 0x00000000a7400000|100%| O|  |TAMS 0x00000000a7400000| PB 0x00000000a7300000| Untracked 
|  42|0x00000000a7400000, 0x00000000a7500000, 0x00000000a7500000|100%| O|  |TAMS 0x00000000a7500000| PB 0x00000000a7400000| Untracked 
|  43|0x00000000a7500000, 0x00000000a7600000, 0x00000000a7600000|100%| O|  |TAMS 0x00000000a7600000| PB 0x00000000a7500000| Untracked 
|  44|0x00000000a7600000, 0x00000000a7700000, 0x00000000a7700000|100%| O|  |TAMS 0x00000000a7700000| PB 0x00000000a7600000| Untracked 
|  45|0x00000000a7700000, 0x00000000a7800000, 0x00000000a7800000|100%| O|  |TAMS 0x00000000a7800000| PB 0x00000000a7700000| Untracked 
|  46|0x00000000a7800000, 0x00000000a7900000, 0x00000000a7900000|100%| O|  |TAMS 0x00000000a7900000| PB 0x00000000a7800000| Untracked 
|  47|0x00000000a7900000, 0x00000000a7a00000, 0x00000000a7a00000|100%| O|  |TAMS 0x00000000a7a00000| PB 0x00000000a7900000| Untracked 
|  48|0x00000000a7a00000, 0x00000000a7b00000, 0x00000000a7b00000|100%| O|  |TAMS 0x00000000a7a00000| PB 0x00000000a7a00000| Untracked 
|  49|0x00000000a7b00000, 0x00000000a7c00000, 0x00000000a7c00000|100%| O|  |TAMS 0x00000000a7c00000| PB 0x00000000a7b00000| Untracked 
|  50|0x00000000a7c00000, 0x00000000a7d00000, 0x00000000a7d00000|100%| O|  |TAMS 0x00000000a7d00000| PB 0x00000000a7c00000| Untracked 
|  51|0x00000000a7d00000, 0x00000000a7e00000, 0x00000000a7e00000|100%| O|  |TAMS 0x00000000a7e00000| PB 0x00000000a7d00000| Untracked 
|  52|0x00000000a7e00000, 0x00000000a7f00000, 0x00000000a7f00000|100%| O|  |TAMS 0x00000000a7f00000| PB 0x00000000a7e00000| Untracked 
|  53|0x00000000a7f00000, 0x00000000a8000000, 0x00000000a8000000|100%|HS|  |TAMS 0x00000000a8000000| PB 0x00000000a7f00000| Complete 
|  54|0x00000000a8000000, 0x00000000a8100000, 0x00000000a8100000|100%|HC|  |TAMS 0x00000000a8100000| PB 0x00000000a8000000| Complete 
|  55|0x00000000a8100000, 0x00000000a8200000, 0x00000000a8200000|100%| O|  |TAMS 0x00000000a8200000| PB 0x00000000a8100000| Untracked 
|  56|0x00000000a8200000, 0x00000000a8300000, 0x00000000a8300000|100%| O|  |TAMS 0x00000000a8300000| PB 0x00000000a8200000| Untracked 
|  57|0x00000000a8300000, 0x00000000a8400000, 0x00000000a8400000|100%| O|  |TAMS 0x00000000a8400000| PB 0x00000000a8300000| Untracked 
|  58|0x00000000a8400000, 0x00000000a8500000, 0x00000000a8500000|100%| O|  |TAMS 0x00000000a8500000| PB 0x00000000a8400000| Untracked 
|  59|0x00000000a8500000, 0x00000000a8600000, 0x00000000a8600000|100%| O|  |TAMS 0x00000000a8600000| PB 0x00000000a8500000| Untracked 
|  60|0x00000000a8600000, 0x00000000a8700000, 0x00000000a8700000|100%| O|  |TAMS 0x00000000a8700000| PB 0x00000000a8600000| Untracked 
|  61|0x00000000a8700000, 0x00000000a8800000, 0x00000000a8800000|100%| O|  |TAMS 0x00000000a8800000| PB 0x00000000a8700000| Untracked 
|  62|0x00000000a8800000, 0x00000000a8900000, 0x00000000a8900000|100%| O|  |TAMS 0x00000000a8900000| PB 0x00000000a8800000| Untracked 
|  63|0x00000000a8900000, 0x00000000a8a00000, 0x00000000a8a00000|100%| O|  |TAMS 0x00000000a8900000| PB 0x00000000a8900000| Untracked 
|  64|0x00000000a8a00000, 0x00000000a8b00000, 0x00000000a8b00000|100%| O|  |TAMS 0x00000000a8a00000| PB 0x00000000a8a00000| Untracked 
|  65|0x00000000a8b00000, 0x00000000a8c00000, 0x00000000a8c00000|100%| O|  |TAMS 0x00000000a8b00000| PB 0x00000000a8b00000| Untracked 
|  66|0x00000000a8c00000, 0x00000000a8d00000, 0x00000000a8d00000|100%| O|  |TAMS 0x00000000a8c00000| PB 0x00000000a8c00000| Untracked 
|  67|0x00000000a8d00000, 0x00000000a8e00000, 0x00000000a8e00000|100%| O|  |TAMS 0x00000000a8d00000| PB 0x00000000a8d00000| Untracked 
|  68|0x00000000a8e00000, 0x00000000a8f00000, 0x00000000a8f00000|100%| O|  |TAMS 0x00000000a8e00000| PB 0x00000000a8e00000| Untracked 
|  69|0x00000000a8f00000, 0x00000000a9000000, 0x00000000a9000000|100%| O|  |TAMS 0x00000000a8f00000| PB 0x00000000a8f00000| Untracked 
|  70|0x00000000a9000000, 0x00000000a9100000, 0x00000000a9100000|100%| O|  |TAMS 0x00000000a9000000| PB 0x00000000a9000000| Untracked 
|  71|0x00000000a9100000, 0x00000000a9200000, 0x00000000a9200000|100%| O|  |TAMS 0x00000000a9100000| PB 0x00000000a9100000| Untracked 
|  72|0x00000000a9200000, 0x00000000a9300000, 0x00000000a9300000|100%| O|  |TAMS 0x00000000a9200000| PB 0x00000000a9200000| Untracked 
|  73|0x00000000a9300000, 0x00000000a9400000, 0x00000000a9400000|100%| O|  |TAMS 0x00000000a9300000| PB 0x00000000a9300000| Untracked 
|  74|0x00000000a9400000, 0x00000000a9500000, 0x00000000a9500000|100%| O|  |TAMS 0x00000000a9500000| PB 0x00000000a9400000| Untracked 
|  75|0x00000000a9500000, 0x00000000a9600000, 0x00000000a9600000|100%| O|  |TAMS 0x00000000a9600000| PB 0x00000000a9500000| Untracked 
|  76|0x00000000a9600000, 0x00000000a9700000, 0x00000000a9700000|100%| O|  |TAMS 0x00000000a9700000| PB 0x00000000a9600000| Untracked 
|  77|0x00000000a9700000, 0x00000000a9800000, 0x00000000a9800000|100%| O|  |TAMS 0x00000000a9800000| PB 0x00000000a9700000| Untracked 
|  78|0x00000000a9800000, 0x00000000a9900000, 0x00000000a9900000|100%| O|  |TAMS 0x00000000a9900000| PB 0x00000000a9800000| Untracked 
|  79|0x00000000a9900000, 0x00000000a9a00000, 0x00000000a9a00000|100%| O|  |TAMS 0x00000000a9a00000| PB 0x00000000a9900000| Untracked 
|  80|0x00000000a9a00000, 0x00000000a9b00000, 0x00000000a9b00000|100%| O|  |TAMS 0x00000000a9b00000| PB 0x00000000a9a00000| Untracked 
|  81|0x00000000a9b00000, 0x00000000a9c00000, 0x00000000a9c00000|100%| O|  |TAMS 0x00000000a9c00000| PB 0x00000000a9b00000| Untracked 
|  82|0x00000000a9c00000, 0x00000000a9d00000, 0x00000000a9d00000|100%| O|  |TAMS 0x00000000a9d00000| PB 0x00000000a9c00000| Untracked 
|  83|0x00000000a9d00000, 0x00000000a9e00000, 0x00000000a9e00000|100%| O|  |TAMS 0x00000000a9e00000| PB 0x00000000a9d00000| Untracked 
|  84|0x00000000a9e00000, 0x00000000a9f00000, 0x00000000a9f00000|100%| O|  |TAMS 0x00000000a9f00000| PB 0x00000000a9e00000| Untracked 
|  85|0x00000000a9f00000, 0x00000000aa000000, 0x00000000aa000000|100%| O|  |TAMS 0x00000000aa000000| PB 0x00000000a9f00000| Untracked 
|  86|0x00000000aa000000, 0x00000000aa100000, 0x00000000aa100000|100%| O|  |TAMS 0x00000000aa100000| PB 0x00000000aa000000| Untracked 
|  87|0x00000000aa100000, 0x00000000aa200000, 0x00000000aa200000|100%| O|  |TAMS 0x00000000aa200000| PB 0x00000000aa100000| Untracked 
|  88|0x00000000aa200000, 0x00000000aa300000, 0x00000000aa300000|100%| O|  |TAMS 0x00000000aa300000| PB 0x00000000aa200000| Untracked 
|  89|0x00000000aa300000, 0x00000000aa400000, 0x00000000aa400000|100%| O|  |TAMS 0x00000000aa400000| PB 0x00000000aa300000| Untracked 
|  90|0x00000000aa400000, 0x00000000aa500000, 0x00000000aa500000|100%| O|  |TAMS 0x00000000aa500000| PB 0x00000000aa400000| Untracked 
|  91|0x00000000aa500000, 0x00000000aa600000, 0x00000000aa600000|100%| O|  |TAMS 0x00000000aa600000| PB 0x00000000aa500000| Untracked 
|  92|0x00000000aa600000, 0x00000000aa700000, 0x00000000aa700000|100%| O|  |TAMS 0x00000000aa700000| PB 0x00000000aa600000| Untracked 
|  93|0x00000000aa700000, 0x00000000aa800000, 0x00000000aa800000|100%| O|  |TAMS 0x00000000aa800000| PB 0x00000000aa700000| Untracked 
|  94|0x00000000aa800000, 0x00000000aa900000, 0x00000000aa900000|100%| O|  |TAMS 0x00000000aa900000| PB 0x00000000aa800000| Untracked 
|  95|0x00000000aa900000, 0x00000000aaa00000, 0x00000000aaa00000|100%| O|  |TAMS 0x00000000aaa00000| PB 0x00000000aa900000| Untracked 
|  96|0x00000000aaa00000, 0x00000000aab00000, 0x00000000aab00000|100%| O|  |TAMS 0x00000000aab00000| PB 0x00000000aaa00000| Untracked 
|  97|0x00000000aab00000, 0x00000000aac00000, 0x00000000aac00000|100%| O|  |TAMS 0x00000000aab80000| PB 0x00000000aab00000| Untracked 
|  98|0x00000000aac00000, 0x00000000aad00000, 0x00000000aad00000|100%| O|  |TAMS 0x00000000aac00000| PB 0x00000000aac00000| Untracked 
|  99|0x00000000aad00000, 0x00000000aae00000, 0x00000000aae00000|100%| O|  |TAMS 0x00000000aad00000| PB 0x00000000aad00000| Untracked 
| 100|0x00000000aae00000, 0x00000000aaf00000, 0x00000000aaf00000|100%| O|  |TAMS 0x00000000aae00000| PB 0x00000000aae00000| Untracked 
| 101|0x00000000aaf00000, 0x00000000ab000000, 0x00000000ab000000|100%| O|  |TAMS 0x00000000aaf00000| PB 0x00000000aaf00000| Untracked 
| 102|0x00000000ab000000, 0x00000000ab100000, 0x00000000ab100000|100%| O|  |TAMS 0x00000000ab000000| PB 0x00000000ab000000| Untracked 
| 103|0x00000000ab100000, 0x00000000ab200000, 0x00000000ab200000|100%| O|  |TAMS 0x00000000ab100000| PB 0x00000000ab100000| Untracked 
| 104|0x00000000ab200000, 0x00000000ab300000, 0x00000000ab300000|100%| O|  |TAMS 0x00000000ab200000| PB 0x00000000ab200000| Untracked 
| 105|0x00000000ab300000, 0x00000000ab400000, 0x00000000ab400000|100%| O|  |TAMS 0x00000000ab300000| PB 0x00000000ab300000| Untracked 
| 106|0x00000000ab400000, 0x00000000ab500000, 0x00000000ab500000|100%| O|  |TAMS 0x00000000ab400000| PB 0x00000000ab400000| Untracked 
| 107|0x00000000ab500000, 0x00000000ab600000, 0x00000000ab600000|100%| O|  |TAMS 0x00000000ab500000| PB 0x00000000ab500000| Untracked 
| 108|0x00000000ab600000, 0x00000000ab700000, 0x00000000ab700000|100%| O|  |TAMS 0x00000000ab600000| PB 0x00000000ab600000| Untracked 
| 109|0x00000000ab700000, 0x00000000ab7b96d0, 0x00000000ab800000| 72%| O|  |TAMS 0x00000000ab700000| PB 0x00000000ab700000| Untracked 
| 110|0x00000000ab800000, 0x00000000ab800000, 0x00000000ab900000|  0%| F|  |TAMS 0x00000000ab800000| PB 0x00000000ab800000| Untracked 
| 111|0x00000000ab900000, 0x00000000ab900000, 0x00000000aba00000|  0%| F|  |TAMS 0x00000000ab900000| PB 0x00000000ab900000| Untracked 
| 112|0x00000000aba00000, 0x00000000aba00000, 0x00000000abb00000|  0%| F|  |TAMS 0x00000000aba00000| PB 0x00000000aba00000| Untracked 
| 113|0x00000000abb00000, 0x00000000abb00000, 0x00000000abc00000|  0%| F|  |TAMS 0x00000000abb00000| PB 0x00000000abb00000| Untracked 
| 114|0x00000000abc00000, 0x00000000abc00000, 0x00000000abd00000|  0%| F|  |TAMS 0x00000000abc00000| PB 0x00000000abc00000| Untracked 
| 115|0x00000000abd00000, 0x00000000abd00000, 0x00000000abe00000|  0%| F|  |TAMS 0x00000000abd00000| PB 0x00000000abd00000| Untracked 
| 116|0x00000000abe00000, 0x00000000abe00000, 0x00000000abf00000|  0%| F|  |TAMS 0x00000000abe00000| PB 0x00000000abe00000| Untracked 
| 117|0x00000000abf00000, 0x00000000abf00000, 0x00000000ac000000|  0%| F|  |TAMS 0x00000000abf00000| PB 0x00000000abf00000| Untracked 
| 118|0x00000000ac000000, 0x00000000ac000000, 0x00000000ac100000|  0%| F|  |TAMS 0x00000000ac000000| PB 0x00000000ac000000| Untracked 
| 119|0x00000000ac100000, 0x00000000ac100000, 0x00000000ac200000|  0%| F|  |TAMS 0x00000000ac100000| PB 0x00000000ac100000| Untracked 
| 120|0x00000000ac200000, 0x00000000ac200000, 0x00000000ac300000|  0%| F|  |TAMS 0x00000000ac200000| PB 0x00000000ac200000| Untracked 
| 121|0x00000000ac300000, 0x00000000ac300000, 0x00000000ac400000|  0%| F|  |TAMS 0x00000000ac300000| PB 0x00000000ac300000| Untracked 
| 122|0x00000000ac400000, 0x00000000ac400000, 0x00000000ac500000|  0%| F|  |TAMS 0x00000000ac400000| PB 0x00000000ac400000| Untracked 
| 123|0x00000000ac500000, 0x00000000ac500000, 0x00000000ac600000|  0%| F|  |TAMS 0x00000000ac500000| PB 0x00000000ac500000| Untracked 
| 124|0x00000000ac600000, 0x00000000ac600000, 0x00000000ac700000|  0%| F|  |TAMS 0x00000000ac600000| PB 0x00000000ac600000| Untracked 
| 125|0x00000000ac700000, 0x00000000ac800000, 0x00000000ac800000|100%| S|CS|TAMS 0x00000000ac700000| PB 0x00000000ac700000| Complete 
| 126|0x00000000ac800000, 0x00000000ac900000, 0x00000000ac900000|100%| S|CS|TAMS 0x00000000ac800000| PB 0x00000000ac800000| Complete 
| 127|0x00000000ac900000, 0x00000000aca00000, 0x00000000aca00000|100%| S|CS|TAMS 0x00000000ac900000| PB 0x00000000ac900000| Complete 
| 128|0x00000000aca00000, 0x00000000acb00000, 0x00000000acb00000|100%| S|CS|TAMS 0x00000000aca00000| PB 0x00000000aca00000| Complete 
| 129|0x00000000acb00000, 0x00000000acc00000, 0x00000000acc00000|100%| S|CS|TAMS 0x00000000acb00000| PB 0x00000000acb00000| Complete 
| 130|0x00000000acc00000, 0x00000000acc00000, 0x00000000acd00000|  0%| F|  |TAMS 0x00000000acc00000| PB 0x00000000acc00000| Untracked 
| 131|0x00000000acd00000, 0x00000000acd00000, 0x00000000ace00000|  0%| F|  |TAMS 0x00000000acd00000| PB 0x00000000acd00000| Untracked 
| 132|0x00000000ace00000, 0x00000000ace00000, 0x00000000acf00000|  0%| F|  |TAMS 0x00000000ace00000| PB 0x00000000ace00000| Untracked 
| 133|0x00000000acf00000, 0x00000000acf00000, 0x00000000ad000000|  0%| F|  |TAMS 0x00000000acf00000| PB 0x00000000acf00000| Untracked 
| 134|0x00000000ad000000, 0x00000000ad000000, 0x00000000ad100000|  0%| F|  |TAMS 0x00000000ad000000| PB 0x00000000ad000000| Untracked 
| 135|0x00000000ad100000, 0x00000000ad100000, 0x00000000ad200000|  0%| F|  |TAMS 0x00000000ad100000| PB 0x00000000ad100000| Untracked 
| 136|0x00000000ad200000, 0x00000000ad200000, 0x00000000ad300000|  0%| F|  |TAMS 0x00000000ad200000| PB 0x00000000ad200000| Untracked 
| 137|0x00000000ad300000, 0x00000000ad300000, 0x00000000ad400000|  0%| F|  |TAMS 0x00000000ad300000| PB 0x00000000ad300000| Untracked 
| 138|0x00000000ad400000, 0x00000000ad400000, 0x00000000ad500000|  0%| F|  |TAMS 0x00000000ad400000| PB 0x00000000ad400000| Untracked 
| 139|0x00000000ad500000, 0x00000000ad500000, 0x00000000ad600000|  0%| F|  |TAMS 0x00000000ad500000| PB 0x00000000ad500000| Untracked 
| 140|0x00000000ad600000, 0x00000000ad600000, 0x00000000ad700000|  0%| F|  |TAMS 0x00000000ad600000| PB 0x00000000ad600000| Untracked 
| 141|0x00000000ad700000, 0x00000000ad700000, 0x00000000ad800000|  0%| F|  |TAMS 0x00000000ad700000| PB 0x00000000ad700000| Untracked 
| 142|0x00000000ad800000, 0x00000000ad800000, 0x00000000ad900000|  0%| F|  |TAMS 0x00000000ad800000| PB 0x00000000ad800000| Untracked 
| 143|0x00000000ad900000, 0x00000000ad900000, 0x00000000ada00000|  0%| F|  |TAMS 0x00000000ad900000| PB 0x00000000ad900000| Untracked 
| 144|0x00000000ada00000, 0x00000000ada00000, 0x00000000adb00000|  0%| F|  |TAMS 0x00000000ada00000| PB 0x00000000ada00000| Untracked 
| 145|0x00000000adb00000, 0x00000000adb00000, 0x00000000adc00000|  0%| F|  |TAMS 0x00000000adb00000| PB 0x00000000adb00000| Untracked 
| 146|0x00000000adc00000, 0x00000000adc00000, 0x00000000add00000|  0%| F|  |TAMS 0x00000000adc00000| PB 0x00000000adc00000| Untracked 
| 147|0x00000000add00000, 0x00000000add00000, 0x00000000ade00000|  0%| F|  |TAMS 0x00000000add00000| PB 0x00000000add00000| Untracked 
| 148|0x00000000ade00000, 0x00000000ade00000, 0x00000000adf00000|  0%| F|  |TAMS 0x00000000ade00000| PB 0x00000000ade00000| Untracked 
| 149|0x00000000adf00000, 0x00000000adf00000, 0x00000000ae000000|  0%| F|  |TAMS 0x00000000adf00000| PB 0x00000000adf00000| Untracked 
| 150|0x00000000ae000000, 0x00000000ae000000, 0x00000000ae100000|  0%| F|  |TAMS 0x00000000ae000000| PB 0x00000000ae000000| Untracked 
| 151|0x00000000ae100000, 0x00000000ae100000, 0x00000000ae200000|  0%| F|  |TAMS 0x00000000ae100000| PB 0x00000000ae100000| Untracked 
| 152|0x00000000ae200000, 0x00000000ae200000, 0x00000000ae300000|  0%| F|  |TAMS 0x00000000ae200000| PB 0x00000000ae200000| Untracked 
| 153|0x00000000ae300000, 0x00000000ae300000, 0x00000000ae400000|  0%| F|  |TAMS 0x00000000ae300000| PB 0x00000000ae300000| Untracked 
| 154|0x00000000ae400000, 0x00000000ae400000, 0x00000000ae500000|  0%| F|  |TAMS 0x00000000ae400000| PB 0x00000000ae400000| Untracked 
|1434|0x00000000fe400000, 0x00000000fe500000, 0x00000000fe500000|100%| O|  |TAMS 0x00000000fe500000| PB 0x00000000fe400000| Untracked 
|1435|0x00000000fe500000, 0x00000000fe600000, 0x00000000fe600000|100%| O|  |TAMS 0x00000000fe600000| PB 0x00000000fe500000| Untracked 
|1436|0x00000000fe600000, 0x00000000fe700000, 0x00000000fe700000|100%| O|  |TAMS 0x00000000fe700000| PB 0x00000000fe600000| Untracked 
|1437|0x00000000fe700000, 0x00000000fe800000, 0x00000000fe800000|100%| O|  |TAMS 0x00000000fe800000| PB 0x00000000fe700000| Untracked 
|1438|0x00000000fe800000, 0x00000000fe900000, 0x00000000fe900000|100%| O|  |TAMS 0x00000000fe900000| PB 0x00000000fe800000| Untracked 
|1439|0x00000000fe900000, 0x00000000fea00000, 0x00000000fea00000|100%| O|  |TAMS 0x00000000fea00000| PB 0x00000000fe900000| Untracked 
|1440|0x00000000fea00000, 0x00000000feb00000, 0x00000000feb00000|100%| O|  |TAMS 0x00000000feb00000| PB 0x00000000fea00000| Untracked 
|1441|0x00000000feb00000, 0x00000000fec00000, 0x00000000fec00000|100%| O|  |TAMS 0x00000000fec00000| PB 0x00000000feb00000| Untracked 
|1442|0x00000000fec00000, 0x00000000fed00000, 0x00000000fed00000|100%| O|  |TAMS 0x00000000fed00000| PB 0x00000000fec00000| Untracked 
|1443|0x00000000fed00000, 0x00000000fee00000, 0x00000000fee00000|100%| O|  |TAMS 0x00000000fee00000| PB 0x00000000fed00000| Untracked 
|1444|0x00000000fee00000, 0x00000000fef00000, 0x00000000fef00000|100%| O|  |TAMS 0x00000000fef00000| PB 0x00000000fee00000| Untracked 
|1445|0x00000000fef00000, 0x00000000ff000000, 0x00000000ff000000|100%| O|  |TAMS 0x00000000ff000000| PB 0x00000000fef00000| Untracked 
|1446|0x00000000ff000000, 0x00000000ff100000, 0x00000000ff100000|100%| O|  |TAMS 0x00000000ff100000| PB 0x00000000ff000000| Untracked 
|1447|0x00000000ff100000, 0x00000000ff200000, 0x00000000ff200000|100%| O|  |TAMS 0x00000000ff200000| PB 0x00000000ff100000| Untracked 
|1448|0x00000000ff200000, 0x00000000ff300000, 0x00000000ff300000|100%| O|  |TAMS 0x00000000ff300000| PB 0x00000000ff200000| Untracked 
|1449|0x00000000ff300000, 0x00000000ff400000, 0x00000000ff400000|100%| O|  |TAMS 0x00000000ff400000| PB 0x00000000ff300000| Untracked 
|1450|0x00000000ff400000, 0x00000000ff500000, 0x00000000ff500000|100%| O|  |TAMS 0x00000000ff500000| PB 0x00000000ff400000| Untracked 
|1451|0x00000000ff500000, 0x00000000ff600000, 0x00000000ff600000|100%| O|  |TAMS 0x00000000ff600000| PB 0x00000000ff500000| Untracked 
|1452|0x00000000ff600000, 0x00000000ff700000, 0x00000000ff700000|100%| O|  |TAMS 0x00000000ff700000| PB 0x00000000ff600000| Untracked 
|1453|0x00000000ff700000, 0x00000000ff800000, 0x00000000ff800000|100%| O|  |TAMS 0x00000000ff800000| PB 0x00000000ff700000| Untracked 
|1454|0x00000000ff800000, 0x00000000ff800000, 0x00000000ff900000|  0%| F|  |TAMS 0x00000000ff800000| PB 0x00000000ff800000| Untracked 
|1455|0x00000000ff900000, 0x00000000ff900000, 0x00000000ffa00000|  0%| F|  |TAMS 0x00000000ff900000| PB 0x00000000ff900000| Untracked 
|1456|0x00000000ffa00000, 0x00000000ffb00000, 0x00000000ffb00000|100%| O|  |TAMS 0x00000000ffb00000| PB 0x00000000ffa00000| Untracked 
|1457|0x00000000ffb00000, 0x00000000ffc00000, 0x00000000ffc00000|100%| O|  |TAMS 0x00000000ffc00000| PB 0x00000000ffb00000| Untracked 
|1458|0x00000000ffc00000, 0x00000000ffd00000, 0x00000000ffd00000|100%| O|  |TAMS 0x00000000ffd00000| PB 0x00000000ffc00000| Untracked 
|1459|0x00000000ffd00000, 0x00000000ffe00000, 0x00000000ffe00000|100%| O|  |TAMS 0x00000000ffe00000| PB 0x00000000ffd00000| Untracked 
|1460|0x00000000ffe00000, 0x00000000fff00000, 0x00000000fff00000|100%| O|  |TAMS 0x00000000fff00000| PB 0x00000000ffe00000| Untracked 
|1461|0x00000000fff00000, 0x0000000100000000, 0x0000000100000000|100%| O|  |TAMS 0x0000000100000000| PB 0x00000000fff00000| Untracked 

Card table byte_map: [0x000002049e660000,0x000002049e940000] _byte_map_base: 0x000002049e13b000

Marking Bits: (CMBitMap*) 0x000002048bebe070
 Bits: [0x000002049e940000, 0x00000204a0018000)

Polling page: 0x0000020489bc0000

Metaspace:

Usage:
  Non-class:     55.54 MB used.
      Class:      9.30 MB used.
       Both:     64.84 MB used.

Virtual space:
  Non-class space:       64.00 MB reserved,      55.94 MB ( 87%) committed,  1 nodes.
      Class space:        1.00 GB reserved,       9.62 MB ( <1%) committed,  1 nodes.
             Both:        1.06 GB reserved,      65.56 MB (  6%) committed. 

Chunk freelists:
   Non-Class:  7.23 MB
       Class:  6.23 MB
        Both:  13.47 MB

MaxMetaspaceSize: unlimited
CompressedClassSpaceSize: 1.00 GB
Initial GC threshold: 21.00 MB
Current GC threshold: 109.31 MB
CDS: on
 - commit_granule_bytes: 65536.
 - commit_granule_words: 8192.
 - virtual_space_node_default_size: 8388608.
 - enlarge_chunks_in_place: 1.
 - use_allocation_guard: 0.


Internal statistics:

num_allocs_failed_limit: 9.
num_arena_births: 866.
num_arena_deaths: 0.
num_vsnodes_births: 2.
num_vsnodes_deaths: 0.
num_space_committed: 1049.
num_space_uncommitted: 0.
num_chunks_returned_to_freelist: 9.
num_chunks_taken_from_freelist: 3225.
num_chunk_merges: 9.
num_chunk_splits: 2391.
num_chunks_enlarged: 1929.
num_inconsistent_stats: 0.

CodeHeap 'non-profiled nmethods': size=120000Kb used=3209Kb max_used=3260Kb free=116790Kb
 bounds [0x0000020496b20000, 0x0000020496e60000, 0x000002049e050000]
CodeHeap 'profiled nmethods': size=120000Kb used=8583Kb max_used=9565Kb free=111416Kb
 bounds [0x000002048f050000, 0x000002048f9b0000, 0x0000020496580000]
CodeHeap 'non-nmethods': size=5760Kb used=1661Kb max_used=1706Kb free=4098Kb
 bounds [0x0000020496580000, 0x00000204967f0000, 0x0000020496b20000]
CodeCache: size=245760Kb, used=13453Kb, max_used=14531Kb, free=232304Kb
 total_blobs=5351, nmethods=4650, adapters=605, full_count=0
Compilation: enabled, stopped_count=0, restarted_count=0

Compilation events (20 events):
Event: 16.053 Thread 0x00000204a256c480 nmethod 5590 0x000002048f23b610 code [0x000002048f23b800, 0x000002048f23bc20]
Event: 16.147 Thread 0x00000204a256c480 5592       3       org.antlr.v4.runtime.atn.ArrayPredictionContext::equals (68 bytes)
Event: 16.148 Thread 0x00000204a256c480 nmethod 5592 0x000002048f50fd10 code [0x000002048f50ff20, 0x000002048f510538]
Event: 16.152 Thread 0x00000204a256c480 5593       3       java.util.Arrays::equals (43 bytes)
Event: 16.153 Thread 0x00000204a256c480 nmethod 5593 0x000002048f1fec90 code [0x000002048f1fee60, 0x000002048f1ff128]
Event: 16.207 Thread 0x00000204a256cb50 nmethod 5591 0x0000020496e54590 code [0x0000020496e54980, 0x0000020496e57430]
Event: 16.220 Thread 0x00000204a256cb50 5594       4       org.antlr.v4.runtime.atn.ArrayPredictionContext::equals (68 bytes)
Event: 16.221 Thread 0x00000204a2ae01c0 5595       4       java.util.Arrays::equals (43 bytes)
Event: 16.223 Thread 0x00000204a256cb50 nmethod 5594 0x0000020496bde690 code [0x0000020496bde840, 0x0000020496bde9a8]
Event: 16.225 Thread 0x00000204a2ae01c0 nmethod 5595 0x0000020496c2a590 code [0x0000020496c2a740, 0x0000020496c2a9a8]
Event: 16.286 Thread 0x00000204a256c480 5596       3       org.antlr.v4.runtime.ParserRuleContext::<init> (7 bytes)
Event: 16.287 Thread 0x00000204a256c480 nmethod 5596 0x000002048f563790 code [0x000002048f563940, 0x000002048f563b70]
Event: 16.287 Thread 0x00000204a256c480 5599       3       org.antlr.v4.runtime.CommonTokenStream::LB (69 bytes)
Event: 16.288 Thread 0x00000204a256c480 nmethod 5599 0x000002048f162690 code [0x000002048f162880, 0x000002048f162e20]
Event: 16.288 Thread 0x00000204a256c480 5597       3       org.antlr.v4.runtime.RuleContext::<init> (20 bytes)
Event: 16.288 Thread 0x00000204a256c480 nmethod 5597 0x000002048f245290 code [0x000002048f245440, 0x000002048f245608]
Event: 16.288 Thread 0x00000204a256c480 5600   !   3       org.antlr.v4.runtime.atn.ParserATNSimulator::addDFAState (173 bytes)
Event: 16.290 Thread 0x00000204a256c480 nmethod 5600 0x000002048f196390 code [0x000002048f196740, 0x000002048f197d10]
Event: 16.290 Thread 0x00000204a256c480 5598       3       org.antlr.v4.runtime.Parser::enterOuterAlt (51 bytes)
Event: 16.292 Thread 0x00000204a256c480 nmethod 5598 0x000002048f0d8790 code [0x000002048f0d89e0, 0x000002048f0d9600]

GC Heap History (20 events):
Event: 13.965 GC heap after
{Heap after GC invocations=15 (full 0):
 garbage-first heap   total 74752K, used 37728K [0x00000000a4a00000, 0x0000000100000000)
  region size 1024K, 5 young (5120K), 5 survivors (5120K)
 Metaspace       used 64559K, committed 65280K, reserved 1114112K
  class space    used 9144K, committed 9472K, reserved 1048576K
}
Event: 14.116 GC heap before
{Heap before GC invocations=15 (full 0):
 garbage-first heap   total 74752K, used 61280K [0x00000000a4a00000, 0x0000000100000000)
  region size 1024K, 28 young (28672K), 5 survivors (5120K)
 Metaspace       used 64571K, committed 65280K, reserved 1114112K
  class space    used 9144K, committed 9472K, reserved 1048576K
}
Event: 14.130 GC heap after
{Heap after GC invocations=16 (full 0):
 garbage-first heap   total 76800K, used 47360K [0x00000000a4a00000, 0x0000000100000000)
  region size 1024K, 4 young (4096K), 4 survivors (4096K)
 Metaspace       used 64571K, committed 65280K, reserved 1114112K
  class space    used 9144K, committed 9472K, reserved 1048576K
}
Event: 14.134 GC heap before
{Heap before GC invocations=16 (full 0):
 garbage-first heap   total 76800K, used 47360K [0x00000000a4a00000, 0x0000000100000000)
  region size 1024K, 5 young (5120K), 4 survivors (4096K)
 Metaspace       used 64571K, committed 65280K, reserved 1114112K
  class space    used 9144K, committed 9472K, reserved 1048576K
}
Event: 14.139 GC heap after
{Heap after GC invocations=17 (full 0):
 garbage-first heap   total 76800K, used 48551K [0x00000000a4a00000, 0x0000000100000000)
  region size 1024K, 1 young (1024K), 1 survivors (1024K)
 Metaspace       used 64571K, committed 65280K, reserved 1114112K
  class space    used 9144K, committed 9472K, reserved 1048576K
}
Event: 14.234 GC heap before
{Heap before GC invocations=17 (full 0):
 garbage-first heap   total 83968K, used 65959K [0x00000000a4a00000, 0x0000000100000000)
  region size 1024K, 17 young (17408K), 1 survivors (1024K)
 Metaspace       used 64571K, committed 65280K, reserved 1114112K
  class space    used 9144K, committed 9472K, reserved 1048576K
}
Event: 14.243 GC heap after
{Heap after GC invocations=18 (full 0):
 garbage-first heap   total 83968K, used 55681K [0x00000000a4a00000, 0x0000000100000000)
  region size 1024K, 3 young (3072K), 3 survivors (3072K)
 Metaspace       used 64571K, committed 65280K, reserved 1114112K
  class space    used 9144K, committed 9472K, reserved 1048576K
}
Event: 14.306 GC heap before
{Heap before GC invocations=19 (full 0):
 garbage-first heap   total 83968K, used 71041K [0x00000000a4a00000, 0x0000000100000000)
  region size 1024K, 18 young (18432K), 3 survivors (3072K)
 Metaspace       used 64571K, committed 65280K, reserved 1114112K
  class space    used 9144K, committed 9472K, reserved 1048576K
}
Event: 14.320 GC heap after
{Heap after GC invocations=20 (full 0):
 garbage-first heap   total 167936K, used 61707K [0x00000000a4a00000, 0x0000000100000000)
  region size 1024K, 3 young (3072K), 3 survivors (3072K)
 Metaspace       used 64571K, committed 65280K, reserved 1114112K
  class space    used 9144K, committed 9472K, reserved 1048576K
}
Event: 14.929 GC heap before
{Heap before GC invocations=20 (full 0):
 garbage-first heap   total 167936K, used 129291K [0x00000000a4a00000, 0x0000000100000000)
  region size 1024K, 69 young (70656K), 3 survivors (3072K)
 Metaspace       used 64573K, committed 65280K, reserved 1114112K
  class space    used 9145K, committed 9472K, reserved 1048576K
}
Event: 14.936 GC heap after
{Heap after GC invocations=21 (full 0):
 garbage-first heap   total 167936K, used 64501K [0x00000000a4a00000, 0x0000000100000000)
  region size 1024K, 6 young (6144K), 6 survivors (6144K)
 Metaspace       used 64573K, committed 65280K, reserved 1114112K
  class space    used 9145K, committed 9472K, reserved 1048576K
}
Event: 15.621 GC heap before
{Heap before GC invocations=21 (full 0):
 garbage-first heap   total 167936K, used 134133K [0x00000000a4a00000, 0x0000000100000000)
  region size 1024K, 75 young (76800K), 6 survivors (6144K)
 Metaspace       used 66397K, committed 67136K, reserved 1114112K
  class space    used 9523K, committed 9856K, reserved 1048576K
}
Event: 15.633 GC heap after
{Heap after GC invocations=22 (full 0):
 garbage-first heap   total 167936K, used 68613K [0x00000000a4a00000, 0x0000000100000000)
  region size 1024K, 7 young (7168K), 7 survivors (7168K)
 Metaspace       used 66397K, committed 67136K, reserved 1114112K
  class space    used 9523K, committed 9856K, reserved 1048576K
}
Event: 15.877 GC heap before
{Heap before GC invocations=23 (full 0):
 garbage-first heap   total 167936K, used 147461K [0x00000000a4a00000, 0x0000000100000000)
  region size 1024K, 82 young (83968K), 7 survivors (7168K)
 Metaspace       used 66397K, committed 67136K, reserved 1114112K
  class space    used 9523K, committed 9856K, reserved 1048576K
}
Event: 15.916 GC heap after
{Heap after GC invocations=24 (full 0):
 garbage-first heap   total 187392K, used 103198K [0x00000000a4a00000, 0x0000000100000000)
  region size 1024K, 11 young (11264K), 11 survivors (11264K)
 Metaspace       used 66397K, committed 67136K, reserved 1114112K
  class space    used 9523K, committed 9856K, reserved 1048576K
}
Event: 16.075 GC heap before
{Heap before GC invocations=24 (full 0):
 garbage-first heap   total 187392K, used 154398K [0x00000000a4a00000, 0x0000000100000000)
  region size 1024K, 61 young (62464K), 11 survivors (11264K)
 Metaspace       used 66398K, committed 67136K, reserved 1114112K
  class space    used 9523K, committed 9856K, reserved 1048576K
}
Event: 16.105 GC heap after
{Heap after GC invocations=25 (full 0):
 garbage-first heap   total 187392K, used 122368K [0x00000000a4a00000, 0x0000000100000000)
  region size 1024K, 8 young (8192K), 8 survivors (8192K)
 Metaspace       used 66398K, committed 67136K, reserved 1114112K
  class space    used 9523K, committed 9856K, reserved 1048576K
}
Event: 16.229 GC heap before
{Heap before GC invocations=25 (full 0):
 garbage-first heap   total 187392K, used 157184K [0x00000000a4a00000, 0x0000000100000000)
  region size 1024K, 42 young (43008K), 8 survivors (8192K)
 Metaspace       used 66398K, committed 67136K, reserved 1114112K
  class space    used 9523K, committed 9856K, reserved 1048576K
}
Event: 16.248 GC heap after
{Heap after GC invocations=26 (full 0):
 garbage-first heap   total 187392K, used 135168K [0x00000000a4a00000, 0x0000000100000000)
  region size 1024K, 6 young (6144K), 6 survivors (6144K)
 Metaspace       used 66398K, committed 67136K, reserved 1114112K
  class space    used 9523K, committed 9856K, reserved 1048576K
}
Event: 16.356 GC heap before
{Heap before GC invocations=26 (full 0):
 garbage-first heap   total 187392K, used 162816K [0x00000000a4a00000, 0x0000000100000000)
  region size 1024K, 33 young (33792K), 6 survivors (6144K)
 Metaspace       used 66400K, committed 67136K, reserved 1114112K
  class space    used 9523K, committed 9856K, reserved 1048576K
}

Dll operation events (10 events):
Event: 0.028 Loaded shared library C:\Users\zdzd5\.cursor\extensions\redhat.java-1.47.0-win32-x64\jre\21.0.8-win32-x86_64\bin\java.dll
Event: 0.105 Loaded shared library C:\Users\zdzd5\.cursor\extensions\redhat.java-1.47.0-win32-x64\jre\21.0.8-win32-x86_64\bin\zip.dll
Event: 0.466 Loaded shared library C:\Users\zdzd5\.cursor\extensions\redhat.java-1.47.0-win32-x64\jre\21.0.8-win32-x86_64\bin\net.dll
Event: 0.473 Loaded shared library C:\Users\zdzd5\.cursor\extensions\redhat.java-1.47.0-win32-x64\jre\21.0.8-win32-x86_64\bin\nio.dll
Event: 0.478 Loaded shared library C:\Users\zdzd5\.cursor\extensions\redhat.java-1.47.0-win32-x64\jre\21.0.8-win32-x86_64\bin\zip.dll
Event: 0.755 Loaded shared library C:\Users\zdzd5\.cursor\extensions\redhat.java-1.47.0-win32-x64\jre\21.0.8-win32-x86_64\bin\jimage.dll
Event: 3.572 Loaded shared library C:\Users\zdzd5\.cursor\extensions\redhat.java-1.47.0-win32-x64\jre\21.0.8-win32-x86_64\bin\sunmscapi.dll
Event: 6.729 Loaded shared library C:\Users\zdzd5\.cursor\extensions\redhat.java-1.47.0-win32-x64\jre\21.0.8-win32-x86_64\bin\management.dll
Event: 6.738 Loaded shared library C:\Users\zdzd5\.cursor\extensions\redhat.java-1.47.0-win32-x64\jre\21.0.8-win32-x86_64\bin\management_ext.dll
Event: 9.080 Loaded shared library C:\Users\zdzd5\.cursor\extensions\redhat.java-1.47.0-win32-x64\jre\21.0.8-win32-x86_64\bin\extnet.dll

Deoptimization events (20 events):
Event: 15.484 Thread 0x000002048be71470 DEOPT PACKING pc=0x000002048f448345 sp=0x0000002d4c7fab10
Event: 15.484 Thread 0x000002048be71470 DEOPT UNPACKING pc=0x00000204965d4e42 sp=0x0000002d4c7f9fb0 mode 0
Event: 15.514 Thread 0x000002048be71470 DEOPT PACKING pc=0x000002048f059215 sp=0x0000002d4c7fbb40
Event: 15.514 Thread 0x000002048be71470 DEOPT UNPACKING pc=0x00000204965d4e42 sp=0x0000002d4c7fb078 mode 0
Event: 15.971 Thread 0x000002048be71470 Uncommon trap: trap_request=0xffffff45 fr.pc=0x0000020496c52e40 relative=0x0000000000000100
Event: 15.971 Thread 0x000002048be71470 Uncommon trap: reason=unstable_if action=reinterpret pc=0x0000020496c52e40 method=org.antlr.v4.runtime.atn.SingletonPredictionContext.equals(Ljava/lang/Object;)Z @ 42 c2
Event: 15.971 Thread 0x000002048be71470 DEOPT PACKING pc=0x0000020496c52e40 sp=0x0000002d4c7f9c40
Event: 15.971 Thread 0x000002048be71470 DEOPT UNPACKING pc=0x00000204965d46a2 sp=0x0000002d4c7f9bd0 mode 2
Event: 15.987 Thread 0x000002048be71470 DEOPT PACKING pc=0x000002048f897343 sp=0x0000002d4c7fb9b0
Event: 15.987 Thread 0x000002048be71470 DEOPT UNPACKING pc=0x00000204965d4e42 sp=0x0000002d4c7faf68 mode 0
Event: 16.052 Thread 0x000002048be71470 DEOPT PACKING pc=0x000002048f897343 sp=0x0000002d4c7fb9b0
Event: 16.052 Thread 0x000002048be71470 DEOPT UNPACKING pc=0x00000204965d4e42 sp=0x0000002d4c7faf68 mode 0
Event: 16.145 Thread 0x000002048be71470 Uncommon trap: trap_request=0xffffff45 fr.pc=0x0000020496d261c0 relative=0x0000000000000180
Event: 16.145 Thread 0x000002048be71470 Uncommon trap: reason=unstable_if action=reinterpret pc=0x0000020496d261c0 method=java.util.Arrays.equals([I[I)Z @ 23 c2
Event: 16.145 Thread 0x000002048be71470 DEOPT PACKING pc=0x0000020496d261c0 sp=0x0000002d4c7f9870
Event: 16.145 Thread 0x000002048be71470 DEOPT UNPACKING pc=0x00000204965d46a2 sp=0x0000002d4c7f9820 mode 2
Event: 16.145 Thread 0x000002048be71470 Uncommon trap: trap_request=0xffffff45 fr.pc=0x0000020496cc7a10 relative=0x00000000000000d0
Event: 16.145 Thread 0x000002048be71470 Uncommon trap: reason=unstable_if action=reinterpret pc=0x0000020496cc7a10 method=org.antlr.v4.runtime.atn.ArrayPredictionContext.equals(Ljava/lang/Object;)Z @ 45 c2
Event: 16.145 Thread 0x000002048be71470 DEOPT PACKING pc=0x0000020496cc7a10 sp=0x0000002d4c7f98d0
Event: 16.145 Thread 0x000002048be71470 DEOPT UNPACKING pc=0x00000204965d46a2 sp=0x0000002d4c7f9858 mode 2

Classes loaded (20 events):
Event: 13.082 Loading class java/util/regex/Pattern$Bound
Event: 13.082 Loading class java/util/regex/Pattern$Bound done
Event: 13.082 Loading class java/util/regex/Pattern$SliceI
Event: 13.082 Loading class java/util/regex/Pattern$SliceI done
Event: 13.083 Loading class java/util/regex/Pattern$LookBehindEndNode
Event: 13.083 Loading class java/util/regex/Pattern$LookBehindEndNode done
Event: 13.083 Loading class java/util/regex/Pattern$NotBehind
Event: 13.083 Loading class java/util/regex/Pattern$NotBehind done
Event: 13.083 Loading class java/util/regex/Pattern$Neg
Event: 13.083 Loading class java/util/regex/Pattern$Neg done
Event: 13.083 Loading class java/util/regex/Pattern$Behind
Event: 13.084 Loading class java/util/regex/Pattern$Behind done
Event: 13.170 Loading class java/lang/invoke/MethodHandleImpl$CountingWrapper
Event: 13.171 Loading class java/lang/invoke/MethodHandleImpl$CountingWrapper done
Event: 13.196 Loading class java/util/EmptyStackException
Event: 13.196 Loading class java/util/EmptyStackException done
Event: 13.442 Loading class java/io/InvalidClassException
Event: 13.442 Loading class java/io/InvalidClassException done
Event: 13.644 Loading class java/util/LinkedList$ListItr
Event: 13.644 Loading class java/util/LinkedList$ListItr done

Classes unloaded (0 events):
No events

Classes redefined (0 events):
No events

Internal exceptions (20 events):
Event: 11.805 Thread 0x000002048be71470 Exception <a 'java/lang/NoSuchMethodError'{0x00000000a6a13838}: 'int java.lang.invoke.DirectMethodHandle$Holder.invokeStatic(java.lang.Object, int, java.lang.Object)'> (0x00000000a6a13838) 
thrown [s\src\hotspot\share\interpreter\linkResolver.cpp, line 773]
Event: 11.809 Thread 0x000002048be71470 Exception <a 'java/lang/NoSuchMethodError'{0x00000000a6a30f50}: 'java.lang.Object java.lang.invoke.DirectMethodHandle$Holder.newInvokeSpecial(java.lang.Object, java.lang.Object, java.lang.Object, java.lang.Object, java.lang.Object, int, java.lang.Object)'> (0x00000000a6a30f50) 
thrown [s\src\hotspot\share\interpreter\linkResolver.cpp, line 773]
Event: 11.818 Thread 0x000002048be71470 Exception <a 'java/lang/NoSuchMethodError'{0x00000000a6a61d38}: 'java.lang.Object java.lang.invoke.Invokers$Holder.linkToTargetMethod(java.lang.Object, java.lang.Object, java.lang.Object, java.lang.Object, java.lang.Object, java.lang.Object, java.lang.Object, java.lang.Object, java.lang.Object, java.lang.Object, java.lang.Object, java.lang.Object)'> (0x00000000a6a61d38) 
thrown [s\src\hotspot\share\interpreter\linkResolver.cpp, line 773]
Event: 11.903 Thread 0x000002048be71470 Exception <a 'java/lang/IncompatibleClassChangeError'{0x00000000a69cfd88}: Found class java.lang.Object, but interface was expected> (0x00000000a69cfd88) 
thrown [s\src\hotspot\share\interpreter\linkResolver.cpp, line 840]
Event: 11.939 Thread 0x000002048be71470 Exception <a 'java/lang/NoSuchMethodError'{0x00000000aa5436e8}: 'java.lang.Object java.lang.invoke.DirectMethodHandle$Holder.newInvokeSpecial(java.lang.Object, java.lang.Object, java.lang.Object, java.lang.Object, java.lang.Object, java.lang.Object, java.lang.Object, int)'> (0x00000000aa5436e8) 
thrown [s\src\hotspot\share\interpreter\linkResolver.cpp, line 773]
Event: 11.940 Thread 0x000002048be71470 Exception <a 'java/lang/NoSuchMethodError'{0x00000000aa547d38}: 'java.lang.Object java.lang.invoke.DirectMethodHandle$Holder.invokeSpecial(java.lang.Object, java.lang.Object, java.lang.Object, java.lang.Object, java.lang.Object, java.lang.Object, java.lang.Object, java.lang.Object, int)'> (0x00000000aa547d38) 
thrown [s\src\hotspot\share\interpreter\linkResolver.cpp, line 773]
Event: 11.940 Thread 0x000002048be71470 Exception <a 'java/lang/NoSuchMethodError'{0x00000000aa54bd70}: 'java.lang.Object java.lang.invoke.Invokers$Holder.linkToTargetMethod(java.lang.Object, java.lang.Object, java.lang.Object, java.lang.Object, java.lang.Object, java.lang.Object, int, java.lang.Object)'> (0x00000000aa54bd70) 
thrown [s\src\hotspot\share\interpreter\linkResolver.cpp, line 773]
Event: 11.997 Thread 0x000002048be71470 Exception <a 'java/lang/NoSuchMethodError'{0x00000000a845d568}: 'java.lang.Object java.lang.invoke.DirectMethodHandle$Holder.newInvokeSpecial(java.lang.Object, java.lang.Object, int, java.lang.Object, int, java.lang.Object, java.lang.Object)'> (0x00000000a845d568) 
thrown [s\src\hotspot\share\interpreter\linkResolver.cpp, line 773]
Event: 12.418 Thread 0x000002048be71470 Exception <a 'java/lang/NoSuchMethodError'{0x00000000a803fb10}: 'java.lang.Object java.lang.invoke.DirectMethodHandle$Holder.invokeSpecial(java.lang.Object, java.lang.Object, int, java.lang.Object, int)'> (0x00000000a803fb10) 
thrown [s\src\hotspot\share\interpreter\linkResolver.cpp, line 773]
Event: 12.490 Thread 0x000002048be71470 Implicit null exception at 0x0000020496ddb0f7 to 0x0000020496ddb368
Event: 12.560 Thread 0x000002048be71470 Implicit null exception at 0x0000020496de583c to 0x0000020496de7320
Event: 12.571 Thread 0x000002048be71470 Exception <a 'java/lang/IncompatibleClassChangeError'{0x00000000a75886b0}: Found class java.lang.Object, but interface was expected> (0x00000000a75886b0) 
thrown [s\src\hotspot\share\interpreter\linkResolver.cpp, line 840]
Event: 12.647 Thread 0x000002048be71470 Exception <a 'java/lang/IncompatibleClassChangeError'{0x00000000a7310db8}: Found class java.lang.Object, but interface was expected> (0x00000000a7310db8) 
thrown [s\src\hotspot\share\interpreter\linkResolver.cpp, line 840]
Event: 12.822 Thread 0x000002048be71470 Exception <a 'java/lang/IncompatibleClassChangeError'{0x00000000a83efbc8}: Found class java.lang.Object, but interface was expected> (0x00000000a83efbc8) 
thrown [s\src\hotspot\share\interpreter\linkResolver.cpp, line 840]
Event: 13.035 Thread 0x000002048be71470 Exception <a 'java/lang/IncompatibleClassChangeError'{0x00000000a78f6bc0}: Found class java.lang.Object, but interface was expected> (0x00000000a78f6bc0) 
thrown [s\src\hotspot\share\interpreter\linkResolver.cpp, line 840]
Event: 13.036 Thread 0x000002048be71470 Exception <a 'java/lang/IncompatibleClassChangeError'{0x00000000a78fc4d0}: Found class java.lang.Object, but interface was expected> (0x00000000a78fc4d0) 
thrown [s\src\hotspot\share\interpreter\linkResolver.cpp, line 840]
Event: 13.169 Thread 0x000002048be71470 Exception <a 'java/lang/NoSuchMethodError'{0x00000000a75f0ba8}: 'java.lang.Object java.lang.invoke.DirectMethodHandle$Holder.invokeStatic(java.lang.Object, int, java.lang.Object, java.lang.Object)'> (0x00000000a75f0ba8) 
thrown [s\src\hotspot\share\interpreter\linkResolver.cpp, line 773]
Event: 13.170 Thread 0x000002048be71470 Exception <a 'java/lang/NoSuchMethodError'{0x00000000a75f4ff8}: 'java.lang.Object java.lang.invoke.DirectMethodHandle$Holder.invokeSpecial(java.lang.Object, java.lang.Object, int, java.lang.Object, java.lang.Object)'> (0x00000000a75f4ff8) 
thrown [s\src\hotspot\share\interpreter\linkResolver.cpp, line 773]
Event: 13.170 Thread 0x000002048be71470 Exception <a 'java/lang/NoSuchMethodError'{0x00000000a75f8cb0}: 'java.lang.Object java.lang.invoke.DelegatingMethodHandle$Holder.delegate(java.lang.Object, int, java.lang.Object, java.lang.Object)'> (0x00000000a75f8cb0) 
thrown [s\src\hotspot\share\interpreter\linkResolver.cpp, line 773]
Event: 13.172 Thread 0x000002048be71470 Exception <a 'java/lang/NoSuchMethodError'{0x00000000a7408490}: 'int java.lang.invoke.Invokers$Holder.linkToTargetMethod(java.lang.Object, java.lang.Object, java.lang.Object)'> (0x00000000a7408490) 
thrown [s\src\hotspot\share\interpreter\linkResolver.cpp, line 773]

ZGC Phase Switch (0 events):
No events

VM Operations (20 events):
Event: 14.243 Executing VM operation: G1PauseCleanup done
Event: 14.306 Executing VM operation: G1CollectForAllocation (G1 Evacuation Pause)
Event: 14.320 Executing VM operation: G1CollectForAllocation (G1 Evacuation Pause) done
Event: 14.929 Executing VM operation: G1CollectForAllocation (G1 Evacuation Pause)
Event: 14.936 Executing VM operation: G1CollectForAllocation (G1 Evacuation Pause) done
Event: 15.268 Executing VM operation: HandshakeAllThreads (Deoptimize)
Event: 15.268 Executing VM operation: HandshakeAllThreads (Deoptimize) done
Event: 15.621 Executing VM operation: G1CollectForAllocation (G1 Evacuation Pause)
Event: 15.633 Executing VM operation: G1CollectForAllocation (G1 Evacuation Pause) done
Event: 15.730 Executing VM operation: G1PauseRemark
Event: 15.733 Executing VM operation: G1PauseRemark done
Event: 15.757 Executing VM operation: G1PauseCleanup
Event: 15.758 Executing VM operation: G1PauseCleanup done
Event: 15.877 Executing VM operation: G1CollectForAllocation (G1 Evacuation Pause)
Event: 15.916 Executing VM operation: G1CollectForAllocation (G1 Evacuation Pause) done
Event: 16.075 Executing VM operation: G1CollectForAllocation (G1 Evacuation Pause)
Event: 16.105 Executing VM operation: G1CollectForAllocation (G1 Evacuation Pause) done
Event: 16.229 Executing VM operation: G1CollectForAllocation (G1 Evacuation Pause)
Event: 16.248 Executing VM operation: G1CollectForAllocation (G1 Evacuation Pause) done
Event: 16.356 Executing VM operation: G1CollectForAllocation (G1 Evacuation Pause)

Memory protections (0 events):
No events

Nmethod flushes (20 events):
Event: 15.733 Thread 0x00000204a2536a40 flushing  nmethod 0x000002048f0e0610
Event: 15.733 Thread 0x00000204a2536a40 flushing  nmethod 0x000002048f0e4a10
Event: 15.733 Thread 0x00000204a2536a40 flushing  nmethod 0x000002048f50fd10
Event: 15.733 Thread 0x00000204a2536a40 flushing  nmethod 0x000002048f517710
Event: 15.733 Thread 0x00000204a2536a40 flushing  nmethod 0x000002048f517c10
Event: 15.733 Thread 0x00000204a2536a40 flushing  nmethod 0x000002048f5d0590
Event: 15.733 Thread 0x00000204a2536a40 flushing  nmethod 0x000002048f705810
Event: 15.733 Thread 0x00000204a2536a40 flushing  nmethod 0x0000020496c8c210
Event: 15.733 Thread 0x00000204a2536a40 flushing  nmethod 0x000002048f0c7290
Event: 15.733 Thread 0x00000204a2536a40 flushing  nmethod 0x000002048f159590
Event: 15.733 Thread 0x00000204a2536a40 flushing  nmethod 0x000002048f1fa610
Event: 15.733 Thread 0x00000204a2536a40 flushing  nmethod 0x000002048f1fec90
Event: 15.733 Thread 0x00000204a2536a40 flushing  nmethod 0x000002048f4da010
Event: 15.733 Thread 0x00000204a2536a40 flushing  nmethod 0x000002048f4dfb90
Event: 15.733 Thread 0x00000204a2536a40 flushing  nmethod 0x000002048f4e0190
Event: 15.733 Thread 0x00000204a2536a40 flushing  nmethod 0x000002048f55fa10
Event: 15.733 Thread 0x00000204a2536a40 flushing  nmethod 0x000002048f563790
Event: 15.733 Thread 0x00000204a2536a40 flushing  nmethod 0x000002048f639f90
Event: 15.733 Thread 0x00000204a2536a40 flushing  nmethod 0x000002048f675b90
Event: 15.733 Thread 0x00000204a2536a40 flushing  nmethod 0x000002048f7e1a90

Events (20 events):
Event: 0.427 Thread 0x000002048be71470 Thread added: 0x00000204a2c1b920
Event: 0.453 Thread 0x000002048be71470 Thread added: 0x00000204a2c43f90
Event: 0.947 Thread 0x00000204a256c480 Thread added: 0x00000204a256cb50
Event: 2.419 Thread 0x000002048be71470 Thread added: 0x00000204e89e6610
Event: 3.621 Thread 0x00000204e89e6610 Thread exited: 0x00000204e89e6610
Event: 3.660 Thread 0x000002048be71470 Thread added: 0x00000204e89e6610
Event: 3.735 Thread 0x00000204e89e6610 Thread exited: 0x00000204e89e6610
Event: 7.102 Thread 0x000002048be71470 Thread added: 0x00000204eaf8c160
Event: 7.104 Thread 0x00000204eaf8c160 Thread added: 0x00000204e84dbeb0
Event: 7.111 Thread 0x000002048be71470 Thread added: 0x00000204e990d470
Event: 9.210 Thread 0x00000204a256cb50 Thread exited: 0x00000204a256cb50
Event: 9.333 Thread 0x00000204a256c480 Thread added: 0x00000204a256cb50
Event: 9.490 Thread 0x000002048be71470 Thread added: 0x00000204e9494850
Event: 9.513 Thread 0x000002048be71470 Thread added: 0x00000204e9fe5250
Event: 9.618 Thread 0x00000204e9fe5250 Thread added: 0x00000204e9f29c70
Event: 10.923 Thread 0x00000204a256cb50 Thread exited: 0x00000204a256cb50
Event: 11.139 Thread 0x00000204a2ae01c0 Thread added: 0x00000204a256cb50
Event: 11.788 Thread 0x00000204a256cb50 Thread exited: 0x00000204a256cb50
Event: 12.466 Thread 0x00000204a2ae01c0 Thread added: 0x00000204a256cb50
Event: 16.105 Thread 0x00000204e9f29c70 Thread exited: 0x00000204e9f29c70


Dynamic libraries:
0x00007ff65e9e0000 - 0x00007ff65e9ee000 	C:\Users\zdzd5\.cursor\extensions\redhat.java-1.47.0-win32-x64\jre\21.0.8-win32-x86_64\bin\java.exe
0x00007ffd22da0000 - 0x00007ffd23008000 	C:\WINDOWS\SYSTEM32\ntdll.dll
0x00007ffd21260000 - 0x00007ffd21329000 	C:\WINDOWS\System32\KERNEL32.DLL
0x00007ffd20160000 - 0x00007ffd20552000 	C:\WINDOWS\System32\KERNELBASE.dll
0x00007ffd20820000 - 0x00007ffd2096b000 	C:\WINDOWS\System32\ucrtbase.dll
0x00007ffd0b8e0000 - 0x00007ffd0b8fe000 	C:\Users\zdzd5\.cursor\extensions\redhat.java-1.47.0-win32-x64\jre\21.0.8-win32-x86_64\bin\VCRUNTIME140.dll
0x00007ffd0a960000 - 0x00007ffd0a978000 	C:\Users\zdzd5\.cursor\extensions\redhat.java-1.47.0-win32-x64\jre\21.0.8-win32-x86_64\bin\jli.dll
0x00007ffd22b90000 - 0x00007ffd22d55000 	C:\WINDOWS\System32\USER32.dll
0x00007ffd20970000 - 0x00007ffd20997000 	C:\WINDOWS\System32\win32u.dll
0x00007ffd21e40000 - 0x00007ffd21e6b000 	C:\WINDOWS\System32\GDI32.dll
0x00007ffd0f6d0000 - 0x00007ffd0f963000 	C:\WINDOWS\WinSxS\amd64_microsoft.windows.common-controls_6595b64144ccf1df_6.0.26100.6899_none_3e0efeeae32e88c1\COMCTL32.dll
0x00007ffd20a40000 - 0x00007ffd20b6d000 	C:\WINDOWS\System32\gdi32full.dll
0x00007ffd20c30000 - 0x00007ffd20cd9000 	C:\WINDOWS\System32\msvcrt.dll
0x00007ffd1ff30000 - 0x00007ffd1ffd3000 	C:\WINDOWS\System32\msvcp_win.dll
0x00007ffd21620000 - 0x00007ffd2164f000 	C:\WINDOWS\System32\IMM32.DLL
0x00007ffd13480000 - 0x00007ffd1348c000 	C:\Users\zdzd5\.cursor\extensions\redhat.java-1.47.0-win32-x64\jre\21.0.8-win32-x86_64\bin\vcruntime140_1.dll
0x00007ffd00c00000 - 0x00007ffd00c8d000 	C:\Users\zdzd5\.cursor\extensions\redhat.java-1.47.0-win32-x64\jre\21.0.8-win32-x86_64\bin\msvcp140.dll
0x00007ffcc53e0000 - 0x00007ffcc6177000 	C:\Users\zdzd5\.cursor\extensions\redhat.java-1.47.0-win32-x64\jre\21.0.8-win32-x86_64\bin\server\jvm.dll
0x00007ffd20fa0000 - 0x00007ffd21054000 	C:\WINDOWS\System32\ADVAPI32.dll
0x00007ffd20b80000 - 0x00007ffd20c26000 	C:\WINDOWS\System32\sechost.dll
0x00007ffd21660000 - 0x00007ffd21778000 	C:\WINDOWS\System32\RPCRT4.dll
0x00007ffd20e40000 - 0x00007ffd20eb4000 	C:\WINDOWS\System32\WS2_32.dll
0x00007ffd1fdb0000 - 0x00007ffd1fe0e000 	C:\WINDOWS\SYSTEM32\POWRPROF.dll
0x00007ffd17200000 - 0x00007ffd17235000 	C:\WINDOWS\SYSTEM32\WINMM.dll
0x00007ffd18f80000 - 0x00007ffd18f8b000 	C:\WINDOWS\SYSTEM32\VERSION.dll
0x00007ffd1fd70000 - 0x00007ffd1fd84000 	C:\WINDOWS\SYSTEM32\UMPDC.dll
0x00007ffd1e3d0000 - 0x00007ffd1e3eb000 	C:\WINDOWS\SYSTEM32\kernel.appcore.dll
0x00007ffd10860000 - 0x00007ffd1086a000 	C:\Users\zdzd5\.cursor\extensions\redhat.java-1.47.0-win32-x64\jre\21.0.8-win32-x86_64\bin\jimage.dll
0x00007ffd1f710000 - 0x00007ffd1f952000 	C:\WINDOWS\SYSTEM32\DBGHELP.DLL
0x00007ffd21ee0000 - 0x00007ffd2225b000 	C:\WINDOWS\System32\combase.dll
0x00007ffd20ec0000 - 0x00007ffd20f97000 	C:\WINDOWS\System32\OLEAUT32.dll
0x00007ffd1f5e0000 - 0x00007ffd1f61c000 	C:\WINDOWS\SYSTEM32\dbgcore.DLL
0x00007ffd209a0000 - 0x00007ffd20a38000 	C:\WINDOWS\System32\bcryptPrimitives.dll
0x00007ffd08c50000 - 0x00007ffd08c6f000 	C:\Users\zdzd5\.cursor\extensions\redhat.java-1.47.0-win32-x64\jre\21.0.8-win32-x86_64\bin\java.dll
0x00007ffd22260000 - 0x00007ffd229ad000 	C:\WINDOWS\System32\SHELL32.dll
0x00007ffd206b0000 - 0x00007ffd2081b000 	C:\WINDOWS\System32\wintypes.dll
0x00007ffd1d160000 - 0x00007ffd1d9bd000 	C:\WINDOWS\SYSTEM32\windows.storage.dll
0x00007ffd21150000 - 0x00007ffd21242000 	C:\WINDOWS\System32\SHCORE.dll
0x00007ffd210e0000 - 0x00007ffd21142000 	C:\WINDOWS\System32\shlwapi.dll
0x00007ffd1fe50000 - 0x00007ffd1fe79000 	C:\WINDOWS\SYSTEM32\profapi.dll
0x00007ffd08c30000 - 0x00007ffd08c48000 	C:\Users\zdzd5\.cursor\extensions\redhat.java-1.47.0-win32-x64\jre\21.0.8-win32-x86_64\bin\zip.dll
0x00007ffd0eb90000 - 0x00007ffd0eba0000 	C:\Users\zdzd5\.cursor\extensions\redhat.java-1.47.0-win32-x64\jre\21.0.8-win32-x86_64\bin\net.dll
0x00007ffd17760000 - 0x00007ffd1787f000 	C:\WINDOWS\SYSTEM32\WINHTTP.dll
0x00007ffd1e940000 - 0x00007ffd1e9ab000 	C:\WINDOWS\system32\mswsock.dll
0x00007ffd089c0000 - 0x00007ffd089d6000 	C:\Users\zdzd5\.cursor\extensions\redhat.java-1.47.0-win32-x64\jre\21.0.8-win32-x86_64\bin\nio.dll
0x00007ffd0cf80000 - 0x00007ffd0cf8e000 	C:\Users\zdzd5\.cursor\extensions\redhat.java-1.47.0-win32-x64\jre\21.0.8-win32-x86_64\bin\sunmscapi.dll
0x00007ffd1ffe0000 - 0x00007ffd20157000 	C:\WINDOWS\System32\CRYPT32.dll
0x00007ffd1f000000 - 0x00007ffd1f030000 	C:\WINDOWS\SYSTEM32\ncrypt.dll
0x00007ffd1efb0000 - 0x00007ffd1efef000 	C:\WINDOWS\SYSTEM32\NTASN1.dll
0x00007ffd1fa60000 - 0x00007ffd1fa7b000 	C:\WINDOWS\SYSTEM32\CRYPTSP.dll
0x00007ffd1e900000 - 0x00007ffd1e93b000 	C:\WINDOWS\system32\rsaenh.dll
0x00007ffd1e9e0000 - 0x00007ffd1ea0b000 	C:\WINDOWS\SYSTEM32\USERENV.dll
0x00007ffd1fe20000 - 0x00007ffd1fe46000 	C:\WINDOWS\SYSTEM32\bcrypt.dll
0x00007ffd1ec40000 - 0x00007ffd1ec4c000 	C:\WINDOWS\SYSTEM32\CRYPTBASE.dll
0x00007ffd1de30000 - 0x00007ffd1de64000 	C:\WINDOWS\SYSTEM32\IPHLPAPI.DLL
0x00007ffd21250000 - 0x00007ffd2125a000 	C:\WINDOWS\System32\NSI.dll
0x00007ffd1f040000 - 0x00007ffd1f04a000 	C:\Users\zdzd5\.cursor\extensions\redhat.java-1.47.0-win32-x64\jre\21.0.8-win32-x86_64\bin\management.dll
0x00007ffd0c000000 - 0x00007ffd0c00b000 	C:\Users\zdzd5\.cursor\extensions\redhat.java-1.47.0-win32-x64\jre\21.0.8-win32-x86_64\bin\management_ext.dll
0x00007ffd20b70000 - 0x00007ffd20b78000 	C:\WINDOWS\System32\PSAPI.DLL
0x00007ffd1dec0000 - 0x00007ffd1dfe6000 	C:\WINDOWS\SYSTEM32\DNSAPI.dll
0x00007ffd12240000 - 0x00007ffd1224b000 	C:\Windows\System32\rasadhlp.dll
0x00007ffd14e90000 - 0x00007ffd14f16000 	C:\WINDOWS\System32\fwpuclnt.dll
0x00007ffd1f050000 - 0x00007ffd1f059000 	C:\Users\zdzd5\.cursor\extensions\redhat.java-1.47.0-win32-x64\jre\21.0.8-win32-x86_64\bin\extnet.dll

JVMTI agents: none

dbghelp: loaded successfully - version: 4.0.5 - missing functions: none
symbol engine: initialized successfully - sym options: 0x614 - pdb path: .;C:\Users\zdzd5\.cursor\extensions\redhat.java-1.47.0-win32-x64\jre\21.0.8-win32-x86_64\bin;C:\WINDOWS\SYSTEM32;C:\WINDOWS\WinSxS\amd64_microsoft.windows.common-controls_6595b64144ccf1df_6.0.26100.6899_none_3e0efeeae32e88c1;C:\Users\zdzd5\.cursor\extensions\redhat.java-1.47.0-win32-x64\jre\21.0.8-win32-x86_64\bin\server

VM Arguments:
jvm_args: -XX:+ShowCodeDetailsInExceptionMessages 
java_command: com.univ.studentservice.StudentServiceApplication
java_class_path (initial): D:\Projects\IDL\Student\Student\target\classes;C:\Users\zdzd5\.m2\repository\org\springframework\boot\spring-boot-starter-data-jpa\3.5.7\spring-boot-starter-data-jpa-3.5.7.jar;C:\Users\zdzd5\.m2\repository\org\springframework\boot\spring-boot-starter\3.5.7\spring-boot-starter-3.5.7.jar;C:\Users\zdzd5\.m2\repository\org\springframework\boot\spring-boot\3.5.7\spring-boot-3.5.7.jar;C:\Users\zdzd5\.m2\repository\org\springframework\boot\spring-boot-autoconfigure\3.5.7\spring-boot-autoconfigure-3.5.7.jar;C:\Users\zdzd5\.m2\repository\org\springframework\boot\spring-boot-starter-logging\3.5.7\spring-boot-starter-logging-3.5.7.jar;C:\Users\zdzd5\.m2\repository\ch\qos\logback\logback-classic\1.5.20\logback-classic-1.5.20.jar;C:\Users\zdzd5\.m2\repository\ch\qos\logback\logback-core\1.5.20\logback-core-1.5.20.jar;C:\Users\zdzd5\.m2\repository\org\apache\logging\log4j\log4j-to-slf4j\2.24.3\log4j-to-slf4j-2.24.3.jar;C:\Users\zdzd5\.m2\repository\org\apache\logging\log4j\log4j-api\2.24.3\log4j-api-2.24.3.jar;C:\Users\zdzd5\.m2\repository\org\slf4j\jul-to-slf4j\2.0.17\jul-to-slf4j-2.0.17.jar;C:\Users\zdzd5\.m2\repository\jakarta\annotation\jakarta.annotation-api\2.1.1\jakarta.annotation-api-2.1.1.jar;C:\Users\zdzd5\.m2\repository\org\yaml\snakeyaml\2.4\snakeyaml-2.4.jar;C:\Users\zdzd5\.m2\repository\org\springframework\boot\spring-boot-starter-jdbc\3.5.7\spring-boot-starter-jdbc-3.5.7.jar;C:\Users\zdzd5\.m2\repository\com\zaxxer\HikariCP\6.3.3\HikariCP-6.3.3.jar;C:\Users\zdzd5\.m2\repository\org\springframework\spring-jdbc\6.2.12\spring-jdbc-6.2.12.jar;C:\Users\zdzd5\.m2\repository\org\hibernate\orm\hibernate-core\6.6.33.Final\hibernate-core-6.6.33.Final.jar;C:\Users\zdzd5\.m2\repository\jakarta\persistence\jakarta.persistence-api\3.1.0\jakarta.persistence-api-3.1.0.jar;C:\Users\zdzd5\.m2\repository\jakarta\transaction\jakarta.transaction-api\2.0.1\jakarta.transaction-api-2.0.1.jar;C:\Users\zdzd5\.m2\repository\org\jboss\logging\jboss-logging\3.6.1.Final\jboss-logging-3.6.1.Final.jar;C:\Users\zdzd5\.m2\repository\org\hibernate\common\hibernate-commons-annotations\7.0.3.Final\hibernate-commons-annotations-7.0.3.Final.jar;C:\Users\zdzd5\.m2\repository\io\smallrye\jandex\3.2.0\jandex-3.2.0.jar;C:\Users\zdzd5\.m2\repository\com\fasterxml\classmate\1.7.1\classmate-1.7.1.jar;C:\Users\zdzd5\.m2\repository\net\bytebuddy\byte-buddy\1.17.8\byte-buddy-1.17.8.jar;C:\Users\zdzd5\.m2\repository\org\glassfish\jaxb\jaxb-runtime\4.0.6\jaxb-runtime-4.0.6.jar;C:\Users\zdzd5\.m2\repository\org\glassfish\jaxb\jaxb-core\4.0.6\jaxb-core-4.0.6.jar;C:\Users\zdzd5\.m2\repository\org\eclipse\angus\angus-activation\2.0.3\angus-activation-2.0.3.jar;C:\Users\zdzd5\.m2\repository\org\glassfish\jaxb\txw2\4.0.6\txw2-4.0.6.jar;C:\Users\zdzd5\.m2\repository\com\sun\istack\istack-commons-runtime\4.1.2\istack-commons-runtime-4.1.2.jar;C:\Users\zdzd5\.m2\repository\jakarta\inject\jakarta.inject-api\2.0.1\jakarta.inject-api-2.0.1.jar;C:\Users\zdzd5\.m2\repository\org\antlr\antlr4-runtime\4.13.0\antlr4-runtime-4.13.0.jar;C:\Users\zdzd5\.m2\repository\org\springframework\data\spring-data-jpa\3.5.5\spring-data-jpa-3.5.5.jar;C:\Users\zdzd5\.m2\repository\org\springframework\data\spring-data-commons\3.5.5\spring-data-commons-3.5.5.jar;C:\Users\zdzd5\.m2\repository\org\springframework\spring-orm\6.2.12\spring-orm-6.2.12.jar;C:\Users\zdzd5\.m2\repository\org\springframework\spring-context\6.2.12\spring-context-6.2.12.jar;C:\Users\zdzd5\.m2\repository\org\springframework\spring-aop\6.2.12\spring-aop-6.2.12.jar;C:\Users\zdzd5\.m2\repository\org\springframework\spring-tx\6.2.12\spring-tx-6.2.12.jar;C:\Users\zdzd5\.m2\repository\org\springframework\spring-beans\6.2.12\spring-beans-6.2.12.jar;C:\Users\zdzd5\.m2\repository\org\slf4j\slf4j-api\2.0.17\slf4j-api-2.0.17.jar;C:\Users\zdzd5\.m2\repository\org\springframework\spring-aspects\6.2.12\spring-aspects-6.2.12.jar;C:\Users\zdzd5\.m2\repository\org\aspectj\aspectjweaver\1.9.24\aspectjweaver-1.9.24.jar;C:\Users\zdzd5\.m2\repository\org\springframework\boot\spring-boot-starter-web\3.5.7\spring-boot-starter-web-3.5.7.jar;C:\Users\zdzd5\.m2\repository\org\springframework\boot\spring-boot-starter-json\3.5.7\spring-boot-starter-json-3.5.7.jar;C:\Users\zdzd5\.m2\repository\com\fasterxml\jackson\core\jackson-databind\2.19.2\jackson-databind-2.19.2.jar;C:\Users\zdzd5\.m2\repository\com\fasterxml\jackson\core\jackson-annotations\2.19.2\jackson-annotations-2.19.2.jar;C:\Users\zdzd5\.m2\repository\com\fasterxml\jackson\core\jackson-core\2.19.2\jackson-core-2.19.2.jar;C:\Users\zdzd5\.m2\repository\com\fasterxml\jackson\datatype\jackson-datatype-jdk8\2.19.2\jackson-datatype-jdk8-2.19.2.jar;C:\Users\zdzd5\.m2\repository\com\fasterxml\jackson\datatype\jackson-datatype-jsr310\2.19.2\jackson-datatype-jsr310-2.19.2.jar;C:\Users\zdzd5\.m2\repository\com\fasterxml\jackson\module\jackson-module-parameter-names\2.19.2\jackson-module-parameter-names-2.19.2.jar;C:\Users\zdzd5\.m2\repository\org\springframework\boot\spring-boot-starter-tomcat\3.5.7\spring-boot-starter-tomcat-3.5.7.jar;C:\Users\zdzd5\.m2\repository\org\apache\tomcat\embed\tomcat-embed-core\10.1.48\tomcat-embed-core-10.1.48.jar;C:\Users\zdzd5\.m2\repository\org\apache\tomcat\embed\tomcat-embed-websocket\10.1.48\tomcat-embed-websocket-10.1.48.jar;C:\Users\zdzd5\.m2\repository\org\springframework\spring-web\6.2.12\spring-web-6.2.12.jar;C:\Users\zdzd5\.m2\repository\io\micrometer\micrometer-observation\1.15.5\micrometer-observation-1.15.5.jar;C:\Users\zdzd5\.m2\repository\io\micrometer\micrometer-commons\1.15.5\micrometer-commons-1.15.5.jar;C:\Users\zdzd5\.m2\repository\org\springframework\spring-webmvc\6.2.12\spring-webmvc-6.2.12.jar;C:\Users\zdzd5\.m2\repository\org\springframework\spring-expression\6.2.12\spring-expression-6.2.12.jar;C:\Users\zdzd5\.m2\repository\org\postgresql\postgresql\42.7.8\postgresql-42.7.8.jar;C:\Users\zdzd5\.m2\repository\org\checkerframework\checker-qual\3.49.5\checker-qual-3.49.5.jar;C:\Users\zdzd5\.m2\repository\org\projectlombok\lombok\1.18.42\lombok-1.18.42.jar;C:\Users\zdzd5\.m2\repository\jakarta\xml\bind\jakarta.xml.bind-api\4.0.4\jakarta.xml.bind-api-4.0.4.jar;C:\Users\zdzd5\.m2\repository\jakarta\activation\jakarta.activation-api\2.1.4\jakarta.activation-api-2.1.4.jar;C:\Users\zdzd5\.m2\repository\org\springframework\spring-core\6.2.12\spring-core-6.2.12.jar;C:\Users\zdzd5\.m2\repository\org\springframework\spring-jcl\6.2.12\spring-jcl-6.2.12.jar;C:\Users\zdzd5\.m2\repository\org\springframework\boot\spring-boot-starter-validation\3.5.7\spring-boot-starter-validation-3.5.7.jar;C:\Users\zdzd5\.m2\repository\org\apache\tomcat\embed\tomcat-embed-el\10.1.48\tomcat-embed-el-10.1.48.jar;C:\Users\zdzd5\.m2\repository\org\hibernate\validator\hibernate-validator\8.0.3.Final\hibernate-validator-8.0.3.Final.jar;C:\Users\zdzd5\.m2\repository\jakarta\validation\jakarta.validation-api\3.0.2\jakarta.validation-api-3.0.2.jar;C:\Users\zdzd5\.m2\repository\org\springdoc\springdoc-openapi-starter-webmvc-ui\2.2.0\springdoc-openapi-starter-webmvc-ui-2.2.0.jar;C:\Users\zdzd5\.m2\repository\org\springdoc\springdoc-openapi-starter-webmvc-api\2.2.0\springdoc-openapi-starter-webmvc-api-2.2.0.jar;C:\Users\zdzd5\.m2\repository\org\springdoc\springdoc-openapi-starter-common\2.2.0\springdoc-openapi-starter-common-2.2.0.jar;C:\Users\zdzd5\.m2\repository\io\swagger\core\v3\swagger-core-jakarta\2.2.15\swagger-core-jakarta-2.2.15.jar;C:\Users\zdzd5\.m2\repository\org\apache\commons\commons-lang3\3.17.0\commons-lang3-3.17.0.jar;C:\Users\zdzd5\.m2\repository\io\swagger\core\v3\swagger-annotations-jakarta\2.2.15\swagger-annotations-jakarta-2.2.15.jar;C:\Users\zdzd5\.m2\repository\io\swagger\core\v3\swagger-models-jakarta\2.2.15\swagger-models-jakarta-2.2.15.jar;C:\Users\zdzd5\.m2\repository\com\fasterxml\jackson\dataformat\jackson-dataformat-yaml\2.19.2\jackson-dataformat-yaml-2.19.2.jar;C:\Users\zdzd5\.m2\repository\org\webjars\swagger-ui\5.2.0\swagger-ui-5.2.0.jar
Launcher Type: SUN_STANDARD

[Global flags]
     intx CICompilerCount                          = 4                                         {product} {ergonomic}
     uint ConcGCThreads                            = 2                                         {product} {ergonomic}
     uint G1ConcRefinementThreads                  = 8                                         {product} {ergonomic}
   size_t G1HeapRegionSize                         = 1048576                                   {product} {ergonomic}
    uintx GCDrainStackTargetSize                   = 64                                        {product} {ergonomic}
   size_t InitialHeapSize                          = 96468992                                  {product} {ergonomic}
   size_t MarkStackSize                            = 4194304                                   {product} {ergonomic}
   size_t MaxHeapSize                              = 1533018112                                {product} {ergonomic}
   size_t MaxNewSize                               = 919601152                                 {product} {ergonomic}
   size_t MinHeapDeltaBytes                        = 1048576                                   {product} {ergonomic}
   size_t MinHeapSize                              = 8388608                                   {product} {ergonomic}
    uintx NonNMethodCodeHeapSize                   = 5839372                                {pd product} {ergonomic}
    uintx NonProfiledCodeHeapSize                  = 122909434                              {pd product} {ergonomic}
    uintx ProfiledCodeHeapSize                     = 122909434                              {pd product} {ergonomic}
    uintx ReservedCodeCacheSize                    = 251658240                              {pd product} {ergonomic}
     bool SegmentedCodeCache                       = true                                      {product} {ergonomic}
     bool ShowCodeDetailsInExceptionMessages       = true                                   {manageable} {command line}
   size_t SoftMaxHeapSize                          = 1533018112                             {manageable} {ergonomic}
     bool UseCompressedOops                        = true                           {product lp64_product} {ergonomic}
     bool UseG1GC                                  = true                                      {product} {ergonomic}
     bool UseLargePagesIndividualAllocation        = false                                  {pd product} {ergonomic}

Logging:
Log output configuration:
 #0: stdout all=warning uptime,level,tags foldmultilines=false
 #1: stderr all=off uptime,level,tags foldmultilines=false

Environment Variables:
PATH=C:\Program Files\PowerShell\7;D:\app\oracle\product\11.2.0\server\bin;C:\Program Files\Eclipse Adoptium\jdk-25.0.1.8-hotspot\bin;C:\WINDOWS\system32;C:\WINDOWS;C:\WINDOWS\System32\Wbem;C:\WINDOWS\System32\WindowsPowerShell\v1.0\;C:\WINDOWS\System32\OpenSSH\;C:\Program Files\nodejs\;C:\ProgramData\chocolatey\bin;C:\Program Files\PowerShell\7\;D:\app\cursor\resources\app\bin;C:\Program Files\Git\cmd;C:\Users\zdzd5\AppData\Local\Programs\Python\Python313\Scripts\;C:\Users\zdzd5\AppData\Local\Programs\Python\Python313\;C:\Users\zdzd5\AppData\Local\Programs\Python\Launcher\;C:\Users\zdzd5\AppData\Local\Microsoft\WindowsApps;C:\Users\zdzd5\AppData\Roaming\npm;C:\Users\zdzd5\AppData\Local\Programs\Microsoft VS Code\bin;C:\Users\zdzd5\.pyenv\pyenv-win\bin;C:\Users\zdzd5\.pyenv\pyenv-win\shims;D:\app\Windsurf\bin;c:\Users\zdzd5\.cursor\extensions\vscjava.vscode-java-debug-0.58.3-universal\bundled\scripts\noConfigScripts
USERNAME=zdzd5
LANG=en_US.UTF-8
OS=Windows_NT
PROCESSOR_IDENTIFIER=AMD64 Family 23 Model 24 Stepping 1, AuthenticAMD
TMP=C:\Users\zdzd5\AppData\Local\Temp
TEMP=C:\Users\zdzd5\AppData\Local\Temp




Periodic native trim disabled

---------------  S Y S T E M  ---------------

OS:
 Windows 11 , 64 bit Build 26100 (10.0.26100.6725)
OS uptime: 9 days 2:27 hours

CPU: total 8 (initial active 8) (8 cores per cpu, 2 threads per core) family 23 model 24 stepping 1 microcode 0x8108102, cx8, cmov, fxsr, ht, mmx, 3dnowpref, sse, sse2, sse3, ssse3, sse4a, sse4.1, sse4.2, popcnt, lzcnt, tsc, tscinvbit, avx, avx2, aes, clmul, bmi1, bmi2, adx, sha, fma, vzeroupper, clflush, clflushopt, rdtscp, f16c
Processor Information for processor 0
  Max Mhz: 2100, Current Mhz: 2100, Mhz Limit: 2100
Processor Information for processor 1
  Max Mhz: 2100, Current Mhz: 2100, Mhz Limit: 2100
Processor Information for processor 2
  Max Mhz: 2100, Current Mhz: 2100, Mhz Limit: 2100
Processor Information for processor 3
  Max Mhz: 2100, Current Mhz: 2100, Mhz Limit: 2100
Processor Information for processor 4
  Max Mhz: 2100, Current Mhz: 2100, Mhz Limit: 2100
Processor Information for processor 5
  Max Mhz: 2100, Current Mhz: 2100, Mhz Limit: 2100
Processor Information for processor 6
  Max Mhz: 2100, Current Mhz: 1400, Mhz Limit: 2100
Processor Information for processor 7
  Max Mhz: 2100, Current Mhz: 1400, Mhz Limit: 2100

Memory: 4k page, system-wide physical 5845M (419M free)
TotalPageFile size 21017M (AvailPageFile size 98M)
current process WorkingSet (physical memory assigned to process): 364M, peak: 364M
current process commit charge ("private bytes"): 395M, peak: 630M

vm_info: OpenJDK 64-Bit Server VM (21.0.8+9-LTS) for windows-amd64 JRE (21.0.8+9-LTS), built on 2025-07-15T00:00:00Z by "admin" with MS VC++ 17.7 (VS2022)

END.
